Archive member included to satisfy reference by file (symbol)

c:/st/stm32cubeide_1.0.1/stm32cubeide/plugins/com.st.stm32cube.ide.mcu.externaltools.gnu-tools-for-stm32.7-2018-q2-update.win32_1.0.0.201904181610/tools/bin/../lib/gcc/arm-none-eabi/7.3.1/../../../../arm-none-eabi/lib/thumb/v7e-m/fpv4-sp/hard\libc_nano.a(lib_a-errno.o)
                              Core/Src/syscalls.o (__errno)
c:/st/stm32cubeide_1.0.1/stm32cubeide/plugins/com.st.stm32cube.ide.mcu.externaltools.gnu-tools-for-stm32.7-2018-q2-update.win32_1.0.0.201904181610/tools/bin/../lib/gcc/arm-none-eabi/7.3.1/../../../../arm-none-eabi/lib/thumb/v7e-m/fpv4-sp/hard\libc_nano.a(lib_a-exit.o)
                              c:/st/stm32cubeide_1.0.1/stm32cubeide/plugins/com.st.stm32cube.ide.mcu.externaltools.gnu-tools-for-stm32.7-2018-q2-update.win32_1.0.0.201904181610/tools/bin/../lib/gcc/arm-none-eabi/7.3.1/../../../../arm-none-eabi/lib/thumb/v7e-m/fpv4-sp/hard/crt0.o (exit)
c:/st/stm32cubeide_1.0.1/stm32cubeide/plugins/com.st.stm32cube.ide.mcu.externaltools.gnu-tools-for-stm32.7-2018-q2-update.win32_1.0.0.201904181610/tools/bin/../lib/gcc/arm-none-eabi/7.3.1/../../../../arm-none-eabi/lib/thumb/v7e-m/fpv4-sp/hard\libc_nano.a(lib_a-impure.o)
                              c:/st/stm32cubeide_1.0.1/stm32cubeide/plugins/com.st.stm32cube.ide.mcu.externaltools.gnu-tools-for-stm32.7-2018-q2-update.win32_1.0.0.201904181610/tools/bin/../lib/gcc/arm-none-eabi/7.3.1/../../../../arm-none-eabi/lib/thumb/v7e-m/fpv4-sp/hard\libc_nano.a(lib_a-exit.o) (_global_impure_ptr)
c:/st/stm32cubeide_1.0.1/stm32cubeide/plugins/com.st.stm32cube.ide.mcu.externaltools.gnu-tools-for-stm32.7-2018-q2-update.win32_1.0.0.201904181610/tools/bin/../lib/gcc/arm-none-eabi/7.3.1/../../../../arm-none-eabi/lib/thumb/v7e-m/fpv4-sp/hard\libc_nano.a(lib_a-init.o)
                              c:/st/stm32cubeide_1.0.1/stm32cubeide/plugins/com.st.stm32cube.ide.mcu.externaltools.gnu-tools-for-stm32.7-2018-q2-update.win32_1.0.0.201904181610/tools/bin/../lib/gcc/arm-none-eabi/7.3.1/../../../../arm-none-eabi/lib/thumb/v7e-m/fpv4-sp/hard/crt0.o (__libc_init_array)
c:/st/stm32cubeide_1.0.1/stm32cubeide/plugins/com.st.stm32cube.ide.mcu.externaltools.gnu-tools-for-stm32.7-2018-q2-update.win32_1.0.0.201904181610/tools/bin/../lib/gcc/arm-none-eabi/7.3.1/../../../../arm-none-eabi/lib/thumb/v7e-m/fpv4-sp/hard\libc_nano.a(lib_a-memset.o)
                              c:/st/stm32cubeide_1.0.1/stm32cubeide/plugins/com.st.stm32cube.ide.mcu.externaltools.gnu-tools-for-stm32.7-2018-q2-update.win32_1.0.0.201904181610/tools/bin/../lib/gcc/arm-none-eabi/7.3.1/../../../../arm-none-eabi/lib/thumb/v7e-m/fpv4-sp/hard/crt0.o (memset)
c:/st/stm32cubeide_1.0.1/stm32cubeide/plugins/com.st.stm32cube.ide.mcu.externaltools.gnu-tools-for-stm32.7-2018-q2-update.win32_1.0.0.201904181610/tools/bin/../lib/gcc/arm-none-eabi/7.3.1/../../../../arm-none-eabi/lib/thumb/v7e-m/fpv4-sp/hard\libc_nano.a(lib_a-sprintf.o)
                              Core/Src/main.o (sprintf)
c:/st/stm32cubeide_1.0.1/stm32cubeide/plugins/com.st.stm32cube.ide.mcu.externaltools.gnu-tools-for-stm32.7-2018-q2-update.win32_1.0.0.201904181610/tools/bin/../lib/gcc/arm-none-eabi/7.3.1/../../../../arm-none-eabi/lib/thumb/v7e-m/fpv4-sp/hard\libc_nano.a(lib_a-strcpy.o)
                              Src/menu.o (strcpy)
c:/st/stm32cubeide_1.0.1/stm32cubeide/plugins/com.st.stm32cube.ide.mcu.externaltools.gnu-tools-for-stm32.7-2018-q2-update.win32_1.0.0.201904181610/tools/bin/../lib/gcc/arm-none-eabi/7.3.1/../../../../arm-none-eabi/lib/thumb/v7e-m/fpv4-sp/hard\libc_nano.a(lib_a-nano-svfprintf.o)
                              c:/st/stm32cubeide_1.0.1/stm32cubeide/plugins/com.st.stm32cube.ide.mcu.externaltools.gnu-tools-for-stm32.7-2018-q2-update.win32_1.0.0.201904181610/tools/bin/../lib/gcc/arm-none-eabi/7.3.1/../../../../arm-none-eabi/lib/thumb/v7e-m/fpv4-sp/hard\libc_nano.a(lib_a-sprintf.o) (_svfprintf_r)
c:/st/stm32cubeide_1.0.1/stm32cubeide/plugins/com.st.stm32cube.ide.mcu.externaltools.gnu-tools-for-stm32.7-2018-q2-update.win32_1.0.0.201904181610/tools/bin/../lib/gcc/arm-none-eabi/7.3.1/../../../../arm-none-eabi/lib/thumb/v7e-m/fpv4-sp/hard\libc_nano.a(lib_a-nano-vfprintf_i.o)
                              c:/st/stm32cubeide_1.0.1/stm32cubeide/plugins/com.st.stm32cube.ide.mcu.externaltools.gnu-tools-for-stm32.7-2018-q2-update.win32_1.0.0.201904181610/tools/bin/../lib/gcc/arm-none-eabi/7.3.1/../../../../arm-none-eabi/lib/thumb/v7e-m/fpv4-sp/hard\libc_nano.a(lib_a-nano-svfprintf.o) (_printf_i)
c:/st/stm32cubeide_1.0.1/stm32cubeide/plugins/com.st.stm32cube.ide.mcu.externaltools.gnu-tools-for-stm32.7-2018-q2-update.win32_1.0.0.201904181610/tools/bin/../lib/gcc/arm-none-eabi/7.3.1/../../../../arm-none-eabi/lib/thumb/v7e-m/fpv4-sp/hard\libc_nano.a(lib_a-memchr.o)
[...]
Memory Configuration

Name             Origin             Length             Attributes
CCMRAM           0x0000000010000000 0x0000000000002000 xrw
RAM              0x0000000020000000 0x000000000000a000 xrw
FLASH            0x0000000008000000 0x0000000000040000 xr
*default*        0x0000000000000000 0xffffffffffffffff

Linker script and memory map

LOAD c:/st/stm32cubeide_1.0.1/stm32cubeide/plugins/com.st.stm32cube.ide.mcu.externaltools.gnu-tools-for-stm32.7-2018-q2-update.win32_1.0.0.201904181610/tools/bin/../lib/gcc/arm-none-eabi/7.3.1/thumb/v7e-m/fpv4-sp/hard/crti.o
LOAD c:/st/stm32cubeide_1.0.1/stm32cubeide/plugins/com.st.stm32cube.ide.mcu.externaltools.gnu-tools-for-stm32.7-2018-q2-update.win32_1.0.0.201904181610/tools/bin/../lib/gcc/arm-none-eabi/7.3.1/thumb/v7e-m/fpv4-sp/hard/crtbegin.o
LOAD c:/st/stm32cubeide_1.0.1/stm32cubeide/plugins/com.st.stm32cube.ide.mcu.externaltools.gnu-tools-for-stm32.7-2018-q2-update.win32_1.0.0.201904181610/tools/bin/../lib/gcc/arm-none-eabi/7.3.1/../../../../arm-none-eabi/lib/thumb/v7e-m/fpv4-sp/hard/crt0.o
LOAD Core/Src/main.o
LOAD Core/Src/stm32f3xx_hal_msp.o
LOAD Core/Src/stm32f3xx_it.o
LOAD Core/Src/syscalls.o
LOAD Core/Src/sysmem.o
LOAD Core/Src/system_stm32f3xx.o
LOAD Core/Startup/startup_stm32f303cctx.o
LOAD Drivers/STM32F3xx_HAL_Driver/Src/stm32f3xx_hal.o
LOAD Drivers/STM32F3xx_HAL_Driver/Src/stm32f3xx_hal_adc.o
LOAD Drivers/STM32F3xx_HAL_Driver/Src/stm32f3xx_hal_adc_ex.o
LOAD Drivers/STM32F3xx_HAL_Driver/Src/stm32f3xx_hal_cortex.o
LOAD Drivers/STM32F3xx_HAL_Driver/Src/stm32f3xx_hal_dma.o
LOAD Drivers/STM32F3xx_HAL_Driver/Src/stm32f3xx_hal_exti.o
LOAD Drivers/STM32F3xx_HAL_Driver/Src/stm32f3xx_hal_flash.o
LOAD Drivers/STM32F3xx_HAL_Driver/Src/stm32f3xx_hal_flash_ex.o
LOAD Drivers/STM32F3xx_HAL_Driver/Src/stm32f3xx_hal_gpio.o
LOAD Drivers/STM32F3xx_HAL_Driver/Src/stm32f3xx_hal_i2c.o
LOAD Drivers/STM32F3xx_HAL_Driver/Src/stm32f3xx_hal_i2c_ex.o
LOAD Drivers/STM32F3xx_HAL_Driver/Src/stm32f3xx_hal_pwr.o
LOAD Drivers/STM32F3xx_HAL_Driver/Src/stm32f3xx_hal_pwr_ex.o
LOAD Drivers/STM32F3xx_HAL_Driver/Src/stm32f3xx_hal_rcc.o
LOAD Drivers/STM32F3xx_HAL_Driver/Src/stm32f3xx_hal_rcc_ex.o
LOAD Drivers/STM32F3xx_HAL_Driver/Src/stm32f3xx_hal_rtc.o
LOAD Drivers/STM32F3xx_HAL_Driver/Src/stm32f3xx_hal_rtc_ex.o
LOAD Drivers/STM32F3xx_HAL_Driver/Src/stm32f3xx_hal_tim.o
LOAD Drivers/STM32F3xx_HAL_Driver/Src/stm32f3xx_hal_tim_ex.o
LOAD Src/ADC_Ap.o
LOAD Src/OLED.o
LOAD Src/RTC_Ap.o
LOAD Src/ServoKontrol.o
LOAD Src/buttonPed.o
LOAD Src/fonts.o
LOAD Src/menu.o
LOAD Src/timerAp.o
START GROUP
LOAD c:/st/stm32cubeide_1.0.1/stm32cubeide/plugins/com.st.stm32cube.ide.mcu.externaltools.gnu-tools-for-stm32.7-2018-q2-update.win32_1.0.0.201904181610/tools/bin/../lib/gcc/arm-none-eabi/7.3.1/../../../../arm-none-eabi/lib/thumb/v7e-m/fpv4-sp/hard\libc_nano.a
LOAD c:/st/stm32cubeide_1.0.1/stm32cubeide/plugins/com.st.stm32cube.ide.mcu.externaltools.gnu-tools-for-stm32.7-2018-q2-update.win32_1.0.0.201904181610/tools/bin/../lib/gcc/arm-none-eabi/7.3.1/../../../../arm-none-eabi/lib/thumb/v7e-m/fpv4-sp/hard\libm.a
END GROUP
START GROUP
LOAD c:/st/stm32cubeide_1.0.1/stm32cubeide/plugins/com.st.stm32cube.ide.mcu.externaltools.gnu-tools-for-stm32.7-2018-q2-update.win32_1.0.0.201904181610/tools/bin/../lib/gcc/arm-none-eabi/7.3.1/thumb/v7e-m/fpv4-sp/hard\libgcc.a
LOAD c:/st/stm32cubeide_1.0.1/stm32cubeide/plugins/com.st.stm32cube.ide.mcu.externaltools.gnu-tools-for-stm32.7-2018-q2-update.win32_1.0.0.201904181610/tools/bin/../lib/gcc/arm-none-eabi/7.3.1/../../../../arm-none-eabi/lib/thumb/v7e-m/fpv4-sp/hard\libc_nano.a
END GROUP
START GROUP
LOAD c:/st/stm32cubeide_1.0.1/stm32cubeide/plugins/com.st.stm32cube.ide.mcu.externaltools.gnu-tools-for-stm32.7-2018-q2-update.win32_1.0.0.201904181610/tools/bin/../lib/gcc/arm-none-eabi/7.3.1/thumb/v7e-m/fpv4-sp/hard\libgcc.a
LOAD c:/st/stm32cubeide_1.0.1/stm32cubeide/plugins/com.st.stm32cube.ide.mcu.externaltools.gnu-tools-for-stm32.7-2018-q2-update.win32_1.0.0.201904181610/tools/bin/../lib/gcc/arm-none-eabi/7.3.1/../../../../arm-none-eabi/lib/thumb/v7e-m/fpv4-sp/hard\libc_nano.a
LOAD c:/st/stm32cubeide_1.0.1/stm32cubeide/plugins/com.st.stm32cube.ide.mcu.externaltools.gnu-tools-for-stm32.7-2018-q2-update.win32_1.0.0.201904181610/tools/bin/../lib/gcc/arm-none-eabi/7.3.1/../../../../arm-none-eabi/lib/thumb/v7e-m/fpv4-sp/hard\libnosys.a
END GROUP
START GROUP
LOAD c:/st/stm32cubeide_1.0.1/stm32cubeide/plugins/com.st.stm32cube.ide.mcu.externaltools.gnu-tools-for-stm32.7-2018-q2-update.win32_1.0.0.201904181610/tools/bin/../lib/gcc/arm-none-eabi/7.3.1/thumb/v7e-m/fpv4-sp/hard\libgcc.a
LOAD c:/st/stm32cubeide_1.0.1/stm32cubeide/plugins/com.st.stm32cube.ide.mcu.externaltools.gnu-tools-for-stm32.7-2018-q2-update.win32_1.0.0.201904181610/tools/bin/../lib/gcc/arm-none-eabi/7.3.1/../../../../arm-none-eabi/lib/thumb/v7e-m/fpv4-sp/hard\libc_nano.a
LOAD c:/st/stm32cubeide_1.0.1/stm32cubeide/plugins/com.st.stm32cube.ide.mcu.externaltools.gnu-tools-for-stm32.7-2018-q2-update.win32_1.0.0.201904181610/tools/bin/../lib/gcc/arm-none-eabi/7.3.1/../../../../arm-none-eabi/lib/thumb/v7e-m/fpv4-sp/hard\libnosys.a
END GROUP
LOAD c:/st/stm32cubeide_1.0.1/stm32cubeide/plugins/com.st.stm32cube.ide.mcu.externaltools.gnu-tools-for-stm32.7-2018-q2-update.win32_1.0.0.201904181610/tools/bin/../lib/gcc/arm-none-eabi/7.3.1/thumb/v7e-m/fpv4-sp/hard/crtend.o
LOAD c:/st/stm32cubeide_1.0.1/stm32cubeide/plugins/com.st.stm32cube.ide.mcu.externaltools.gnu-tools-for-stm32.7-2018-q2-update.win32_1.0.0.201904181610/tools/bin/../lib/gcc/arm-none-eabi/7.3.1/thumb/v7e-m/fpv4-sp/hard/crtn.o
                0x000000002000a000                _estack = (ORIGIN (RAM) + LENGTH (RAM))
                0x0000000000000200                _Min_Heap_Size = 0x200
                0x0000000000000400                _Min_Stack_Size = 0x400

.isr_vector     0x0000000008000000      0x188
                0x0000000008000000                . = ALIGN (0x4)
 *(.isr_vector)
 .isr_vector    0x0000000008000000      0x188 Core/Startup/startup_stm32f303cctx.o
                0x0000000008000000                g_pfnVectors
                0x0000000008000188                . = ALIGN (0x4)

.text           0x0000000008000190     0x81b4
                0x0000000008000190                . = ALIGN (0x4)
 *(.text)
 .text          0x0000000008000190       0x40 c:/st/stm32cubeide_1.0.1/stm32cubeide/plugins/com.st.stm32cube.ide.mcu.externaltools.gnu-tools-for-stm32.7-2018-q2-update.win32_1.0.0.201904181610/tools/bin/../lib/gcc/arm-none-eabi/7.3.1/thumb/v7e-m/fpv4-sp/hard/crtbegin.o
 .text          0x00000000080001d0       0xa0 c:/st/stm32cubeide_1.0.1/stm32cubeide/plugins/com.st.stm32cube.ide.mcu.externaltools.gnu-tools-for-stm32.7-2018-q2-update.win32_1.0.0.201904181610/tools/bin/../lib/gcc/arm-none-eabi/7.3.1/../../../../arm-none-eabi/lib/thumb/v7e-m/fpv4-sp/hard\libc_nano.a(lib_a-memchr.o)
                0x00000000080001d0                memchr
 *(.text*)
 .text.main     0x0000000008000270       0xa0 Core/Src/main.o
                0x0000000008000270                main
 .text.SystemClock_Config
                0x0000000008000310       0xe0 Core/Src/main.o
                0x0000000008000310                SystemClock_Config
 .text.MX_ADC1_Init
                0x00000000080003f0       0xe0 Core/Src/main.o
 .text.MX_ADC2_Init
                0x00000000080004d0       0xbc Core/Src/main.o
 .text.MX_I2C1_Init
                0x000000000800058c       0x80 Core/Src/main.o
 .text.MX_RTC_Init
                0x000000000800060c       0xc8 Core/Src/main.o
 .text.MX_TIM3_Init
                0x00000000080006d4       0xf4 Core/Src/main.o
 .text.MX_TIM15_Init
                0x00000000080007c8      0x124 Core/Src/main.o
 .text.MX_DMA_Init
                0x00000000080008ec       0x3c Core/Src/main.o
 .text.MX_GPIO_Init
                0x0000000008000928       0xcc Core/Src/main.o
 .text.Error_Handler
                0x00000000080009f4        0xe Core/Src/main.o
                0x00000000080009f4                Error_Handler
 *fill*         0x0000000008000a02        0x2 
 .text.HAL_MspInit
                0x0000000008000a04       0x48 Core/Src/stm32f3xx_hal_msp.o
                0x0000000008000a04                HAL_MspInit
 .text.HAL_ADC_MspInit
                0x0000000008000a4c      0x154 Core/Src/stm32f3xx_hal_msp.o
                0x0000000008000a4c                HAL_ADC_MspInit
 .text.HAL_I2C_MspInit
                0x0000000008000ba0       0x88 Core/Src/stm32f3xx_hal_msp.o
                0x0000000008000ba0                HAL_I2C_MspInit
 .text.HAL_RTC_MspInit
                0x0000000008000c28       0x4c Core/Src/stm32f3xx_hal_msp.o
                0x0000000008000c28                HAL_RTC_MspInit
 .text.HAL_TIM_PWM_MspInit
                0x0000000008000c74       0x68 Core/Src/stm32f3xx_hal_msp.o
                0x0000000008000c74                HAL_TIM_PWM_MspInit
 .text.HAL_TIM_MspPostInit
                0x0000000008000cdc       0xf4 Core/Src/stm32f3xx_hal_msp.o
                0x0000000008000cdc                HAL_TIM_MspPostInit
 .text.NMI_Handler
                0x0000000008000dd0        0xe Core/Src/stm32f3xx_it.o
                0x0000000008000dd0                NMI_Handler
 .text.HardFault_Handler
                0x0000000008000dde        0x6 Core/Src/stm32f3xx_it.o
                0x0000000008000dde                HardFault_Handler
 .text.MemManage_Handler
                0x0000000008000de4        0x6 Core/Src/stm32f3xx_it.o
                0x0000000008000de4                MemManage_Handler
 .text.BusFault_Handler
                0x0000000008000dea        0x6 Core/Src/stm32f3xx_it.o
                0x0000000008000dea                BusFault_Handler
 .text.UsageFault_Handler
                0x0000000008000df0        0x6 Core/Src/stm32f3xx_it.o
                0x0000000008000df0                UsageFault_Handler
 .text.SVC_Handler
                0x0000000008000df6        0xe Core/Src/stm32f3xx_it.o
                0x0000000008000df6                SVC_Handler
 .text.DebugMon_Handler
                0x0000000008000e04        0xe Core/Src/stm32f3xx_it.o
                0x0000000008000e04                DebugMon_Handler
 .text.PendSV_Handler
                0x0000000008000e12        0xe Core/Src/stm32f3xx_it.o
                0x0000000008000e12                PendSV_Handler
 .text.SysTick_Handler
                0x0000000008000e20        0xc Core/Src/stm32f3xx_it.o
                0x0000000008000e20                SysTick_Handler
 .text.DMA1_Channel1_IRQHandler
                0x0000000008000e2c       0x14 Core/Src/stm32f3xx_it.o
                0x0000000008000e2c                DMA1_Channel1_IRQHandler
 .text._sbrk    0x0000000008000e40       0x58 Core/Src/sysmem.o
                0x0000000008000e40                _sbrk
 .text.SystemInit
                0x0000000008000e98       0x2c Core/Src/system_stm32f3xx.o
                0x0000000008000e98                SystemInit
 .text.Reset_Handler
                0x0000000008000ec4       0x50 Core/Startup/startup_stm32f303cctx.o
                0x0000000008000ec4                Reset_Handler
 .text.Default_Handler
                0x0000000008000f14        0x2 Core/Startup/startup_stm32f303cctx.o
                0x0000000008000f14                RTC_Alarm_IRQHandler
                0x0000000008000f14                TIM8_TRG_COM_IRQHandler
                0x0000000008000f14                TIM8_CC_IRQHandler
                0x0000000008000f14                TIM1_CC_IRQHandler
                0x0000000008000f14                USB_HP_IRQHandler
                0x0000000008000f14                PVD_IRQHandler
                0x0000000008000f14                TAMP_STAMP_IRQHandler
                0x0000000008000f14                EXTI3_IRQHandler
                0x0000000008000f14                USB_HP_CAN_TX_IRQHandler
                0x0000000008000f14                EXTI0_IRQHandler
                0x0000000008000f14                I2C2_EV_IRQHandler
                0x0000000008000f14                FPU_IRQHandler
                0x0000000008000f14                TIM1_UP_TIM16_IRQHandler
                0x0000000008000f14                ADC1_2_IRQHandler
                0x0000000008000f14                SPI1_IRQHandler
                0x0000000008000f14                CAN_SCE_IRQHandler
                0x0000000008000f14                TIM6_DAC_IRQHandler
                0x0000000008000f14                TIM8_UP_IRQHandler
                0x0000000008000f14                DMA2_Channel2_IRQHandler
                0x0000000008000f14                DMA1_Channel4_IRQHandler
                0x0000000008000f14                USART3_IRQHandler
                0x0000000008000f14                DMA1_Channel7_IRQHandler
                0x0000000008000f14                UART5_IRQHandler
                0x0000000008000f14                ADC3_IRQHandler
                0x0000000008000f14                TIM4_IRQHandler
                0x0000000008000f14                CAN_RX1_IRQHandler
                0x0000000008000f14                DMA2_Channel1_IRQHandler
                0x0000000008000f14                I2C1_EV_IRQHandler
                0x0000000008000f14                DMA1_Channel6_IRQHandler
                0x0000000008000f14                UART4_IRQHandler
                0x0000000008000f14                DMA2_Channel4_IRQHandler
                0x0000000008000f14                TIM3_IRQHandler
                0x0000000008000f14                RCC_IRQHandler
                0x0000000008000f14                Default_Handler
                0x0000000008000f14                USBWakeUp_RMP_IRQHandler
                0x0000000008000f14                EXTI15_10_IRQHandler
                0x0000000008000f14                TIM7_IRQHandler
                0x0000000008000f14                EXTI9_5_IRQHandler
                0x0000000008000f14                RTC_WKUP_IRQHandler
                0x0000000008000f14                SPI2_IRQHandler
                0x0000000008000f14                USB_LP_CAN_RX0_IRQHandler
                0x0000000008000f14                DMA2_Channel5_IRQHandler
                0x0000000008000f14                DMA1_Channel5_IRQHandler
                0x0000000008000f14                USB_LP_IRQHandler
                0x0000000008000f14                EXTI4_IRQHandler
                0x0000000008000f14                TIM1_TRG_COM_TIM17_IRQHandler
                0x0000000008000f14                DMA1_Channel3_IRQHandler
                0x0000000008000f14                ADC4_IRQHandler
                0x0000000008000f14                WWDG_IRQHandler
                0x0000000008000f14                TIM2_IRQHandler
                0x0000000008000f14                COMP7_IRQHandler
                0x0000000008000f14                COMP1_2_3_IRQHandler
                0x0000000008000f14                EXTI1_IRQHandler
                0x0000000008000f14                USART2_IRQHandler
                0x0000000008000f14                COMP4_5_6_IRQHandler
                0x0000000008000f14                I2C2_ER_IRQHandler
                0x0000000008000f14                DMA1_Channel2_IRQHandler
                0x0000000008000f14                TIM8_BRK_IRQHandler
                0x0000000008000f14                FLASH_IRQHandler
                0x0000000008000f14                USART1_IRQHandler
                0x0000000008000f14                SPI3_IRQHandler
                0x0000000008000f14                I2C1_ER_IRQHandler
                0x0000000008000f14                USBWakeUp_IRQHandler
                0x0000000008000f14                DMA2_Channel3_IRQHandler
                0x0000000008000f14                EXTI2_TSC_IRQHandler
                0x0000000008000f14                TIM1_BRK_TIM15_IRQHandler
 *fill*         0x0000000008000f16        0x2 
 .text.HAL_Init
                0x0000000008000f18       0x2c Drivers/STM32F3xx_HAL_Driver/Src/stm32f3xx_hal.o
                0x0000000008000f18                HAL_Init
 .text.HAL_InitTick
                0x0000000008000f44       0x60 Drivers/STM32F3xx_HAL_Driver/Src/stm32f3xx_hal.o
                0x0000000008000f44                HAL_InitTick
 .text.HAL_IncTick
                0x0000000008000fa4       0x28 Drivers/STM32F3xx_HAL_Driver/Src/stm32f3xx_hal.o
                0x0000000008000fa4                HAL_IncTick
 .text.HAL_GetTick
                0x0000000008000fcc       0x18 Drivers/STM32F3xx_HAL_Driver/Src/stm32f3xx_hal.o
                0x0000000008000fcc                HAL_GetTick
 .text.HAL_ADC_ConvCpltCallback
                0x0000000008000fe4       0x14 Drivers/STM32F3xx_HAL_Driver/Src/stm32f3xx_hal_adc.o
                0x0000000008000fe4                HAL_ADC_ConvCpltCallback
 .text.HAL_ADC_ConvHalfCpltCallback
                0x0000000008000ff8       0x14 Drivers/STM32F3xx_HAL_Driver/Src/stm32f3xx_hal_adc.o
                0x0000000008000ff8                HAL_ADC_ConvHalfCpltCallback
 .text.HAL_ADC_ErrorCallback
                0x000000000800100c       0x14 Drivers/STM32F3xx_HAL_Driver/Src/stm32f3xx_hal_adc.o
                0x000000000800100c                HAL_ADC_ErrorCallback
 .text.HAL_ADC_Init
                0x0000000008001020      0x3c0 Drivers/STM32F3xx_HAL_Driver/Src/stm32f3xx_hal_adc_ex.o
                0x0000000008001020                HAL_ADC_Init
 .text.HAL_ADC_Start_DMA
                0x00000000080013e0      0x238 Drivers/STM32F3xx_HAL_Driver/Src/stm32f3xx_hal_adc_ex.o
                0x00000000080013e0                HAL_ADC_Start_DMA
 .text.HAL_ADC_Stop_DMA
                0x0000000008001618       0xb8 Drivers/STM32F3xx_HAL_Driver/Src/stm32f3xx_hal_adc_ex.o
                0x0000000008001618                HAL_ADC_Stop_DMA
 .text.HAL_ADC_ConfigChannel
                0x00000000080016d0      0x5d8 Drivers/STM32F3xx_HAL_Driver/Src/stm32f3xx_hal_adc_ex.o
                0x00000000080016d0                HAL_ADC_ConfigChannel
 .text.HAL_ADCEx_MultiModeConfigChannel
                0x0000000008001ca8      0x1e4 Drivers/STM32F3xx_HAL_Driver/Src/stm32f3xx_hal_adc_ex.o
                0x0000000008001ca8                HAL_ADCEx_MultiModeConfigChannel
 .text.ADC_DMAConvCplt
                0x0000000008001e8c       0x7a Drivers/STM32F3xx_HAL_Driver/Src/stm32f3xx_hal_adc_ex.o
 .text.ADC_DMAHalfConvCplt
                0x0000000008001f06       0x1c Drivers/STM32F3xx_HAL_Driver/Src/stm32f3xx_hal_adc_ex.o
 .text.ADC_DMAError
                0x0000000008001f22       0x34 Drivers/STM32F3xx_HAL_Driver/Src/stm32f3xx_hal_adc_ex.o
 *fill*         0x0000000008001f56        0x2 
 .text.ADC_Enable
                0x0000000008001f58       0xbc Drivers/STM32F3xx_HAL_Driver/Src/stm32f3xx_hal_adc_ex.o
 .text.ADC_Disable
                0x0000000008002014       0xbe Drivers/STM32F3xx_HAL_Driver/Src/stm32f3xx_hal_adc_ex.o
 *fill*         0x00000000080020d2        0x2 
 .text.ADC_ConversionStop
                0x00000000080020d4      0x15c Drivers/STM32F3xx_HAL_Driver/Src/stm32f3xx_hal_adc_ex.o
 .text.__NVIC_SetPriorityGrouping
                0x0000000008002230       0x48 Drivers/STM32F3xx_HAL_Driver/Src/stm32f3xx_hal_cortex.o
 .text.__NVIC_GetPriorityGrouping
                0x0000000008002278       0x1c Drivers/STM32F3xx_HAL_Driver/Src/stm32f3xx_hal_cortex.o
 .text.__NVIC_EnableIRQ
                0x0000000008002294       0x3c Drivers/STM32F3xx_HAL_Driver/Src/stm32f3xx_hal_cortex.o
 .text.__NVIC_SetPriority
                0x00000000080022d0       0x54 Drivers/STM32F3xx_HAL_Driver/Src/stm32f3xx_hal_cortex.o
 .text.NVIC_EncodePriority
                0x0000000008002324       0x66 Drivers/STM32F3xx_HAL_Driver/Src/stm32f3xx_hal_cortex.o
 *fill*         0x000000000800238a        0x2 
 .text.SysTick_Config
                0x000000000800238c       0x44 Drivers/STM32F3xx_HAL_Driver/Src/stm32f3xx_hal_cortex.o
 .text.HAL_NVIC_SetPriorityGrouping
                0x00000000080023d0       0x16 Drivers/STM32F3xx_HAL_Driver/Src/stm32f3xx_hal_cortex.o
                0x00000000080023d0                HAL_NVIC_SetPriorityGrouping
 .text.HAL_NVIC_SetPriority
                0x00000000080023e6       0x38 Drivers/STM32F3xx_HAL_Driver/Src/stm32f3xx_hal_cortex.o
                0x00000000080023e6                HAL_NVIC_SetPriority
 .text.HAL_NVIC_EnableIRQ
                0x000000000800241e       0x1c Drivers/STM32F3xx_HAL_Driver/Src/stm32f3xx_hal_cortex.o
                0x000000000800241e                HAL_NVIC_EnableIRQ
 .text.HAL_SYSTICK_Config
                0x000000000800243a       0x18 Drivers/STM32F3xx_HAL_Driver/Src/stm32f3xx_hal_cortex.o
                0x000000000800243a                HAL_SYSTICK_Config
 .text.HAL_DMA_Init
                0x0000000008002452       0x8e Drivers/STM32F3xx_HAL_Driver/Src/stm32f3xx_hal_dma.o
                0x0000000008002452                HAL_DMA_Init
 .text.HAL_DMA_Start_IT
                0x00000000080024e0       0xbe Drivers/STM32F3xx_HAL_Driver/Src/stm32f3xx_hal_dma.o
                0x00000000080024e0                HAL_DMA_Start_IT
 .text.HAL_DMA_Abort
                0x000000000800259e       0x72 Drivers/STM32F3xx_HAL_Driver/Src/stm32f3xx_hal_dma.o
                0x000000000800259e                HAL_DMA_Abort
 .text.HAL_DMA_IRQHandler
                0x0000000008002610      0x146 Drivers/STM32F3xx_HAL_Driver/Src/stm32f3xx_hal_dma.o
                0x0000000008002610                HAL_DMA_IRQHandler
 .text.DMA_SetConfig
                0x0000000008002756       0x5c Drivers/STM32F3xx_HAL_Driver/Src/stm32f3xx_hal_dma.o
 *fill*         0x00000000080027b2        0x2 
 .text.DMA_CalcBaseAndBitshift
                0x00000000080027b4       0x78 Drivers/STM32F3xx_HAL_Driver/Src/stm32f3xx_hal_dma.o
 .text.HAL_GPIO_Init
                0x000000000800282c      0x2f4 Drivers/STM32F3xx_HAL_Driver/Src/stm32f3xx_hal_gpio.o
                0x000000000800282c                HAL_GPIO_Init
 .text.HAL_GPIO_WritePin
                0x0000000008002b20       0x30 Drivers/STM32F3xx_HAL_Driver/Src/stm32f3xx_hal_gpio.o
                0x0000000008002b20                HAL_GPIO_WritePin
 .text.HAL_I2C_Init
                0x0000000008002b50      0x11e Drivers/STM32F3xx_HAL_Driver/Src/stm32f3xx_hal_i2c.o
                0x0000000008002b50                HAL_I2C_Init
 *fill*         0x0000000008002c6e        0x2 
 .text.HAL_I2C_Mem_Write
                0x0000000008002c70      0x228 Drivers/STM32F3xx_HAL_Driver/Src/stm32f3xx_hal_i2c.o
                0x0000000008002c70                HAL_I2C_Mem_Write
 .text.I2C_RequestMemoryWrite
                0x0000000008002e98       0xa8 Drivers/STM32F3xx_HAL_Driver/Src/stm32f3xx_hal_i2c.o
 .text.I2C_Flush_TXDR
                0x0000000008002f40       0x48 Drivers/STM32F3xx_HAL_Driver/Src/stm32f3xx_hal_i2c.o
 .text.I2C_WaitOnFlagUntilTimeout
                0x0000000008002f88       0x80 Drivers/STM32F3xx_HAL_Driver/Src/stm32f3xx_hal_i2c.o
 .text.I2C_WaitOnTXISFlagUntilTimeout
                0x0000000008003008       0x80 Drivers/STM32F3xx_HAL_Driver/Src/stm32f3xx_hal_i2c.o
 .text.I2C_WaitOnSTOPFlagUntilTimeout
                0x0000000008003088       0x78 Drivers/STM32F3xx_HAL_Driver/Src/stm32f3xx_hal_i2c.o
 .text.I2C_IsAcknowledgeFailed
                0x0000000008003100       0xcc Drivers/STM32F3xx_HAL_Driver/Src/stm32f3xx_hal_i2c.o
 .text.I2C_TransferConfig
                0x00000000080031cc       0x5c Drivers/STM32F3xx_HAL_Driver/Src/stm32f3xx_hal_i2c.o
 .text.HAL_I2CEx_ConfigAnalogFilter
                0x0000000008003228       0x96 Drivers/STM32F3xx_HAL_Driver/Src/stm32f3xx_hal_i2c_ex.o
                0x0000000008003228                HAL_I2CEx_ConfigAnalogFilter
 .text.HAL_I2CEx_ConfigDigitalFilter
                0x00000000080032be       0x98 Drivers/STM32F3xx_HAL_Driver/Src/stm32f3xx_hal_i2c_ex.o
                0x00000000080032be                HAL_I2CEx_ConfigDigitalFilter
 *fill*         0x0000000008003356        0x2 
 .text.HAL_PWR_EnableBkUpAccess
                0x0000000008003358       0x20 Drivers/STM32F3xx_HAL_Driver/Src/stm32f3xx_hal_pwr.o
                0x0000000008003358                HAL_PWR_EnableBkUpAccess
 .text.HAL_RCC_OscConfig
                0x0000000008003378      0xe10 Drivers/STM32F3xx_HAL_Driver/Src/stm32f3xx_hal_rcc.o
                0x0000000008003378                HAL_RCC_OscConfig
 .text.HAL_RCC_ClockConfig
                0x0000000008004188      0x2f8 Drivers/STM32F3xx_HAL_Driver/Src/stm32f3xx_hal_rcc.o
                0x0000000008004188                HAL_RCC_ClockConfig
 .text.HAL_RCC_GetSysClockFreq
                0x0000000008004480       0xd4 Drivers/STM32F3xx_HAL_Driver/Src/stm32f3xx_hal_rcc.o
                0x0000000008004480                HAL_RCC_GetSysClockFreq
 .text.HAL_RCCEx_PeriphCLKConfig
                0x0000000008004554      0x360 Drivers/STM32F3xx_HAL_Driver/Src/stm32f3xx_hal_rcc_ex.o
                0x0000000008004554                HAL_RCCEx_PeriphCLKConfig
 .text.HAL_RTC_Init
                0x00000000080048b4      0x122 Drivers/STM32F3xx_HAL_Driver/Src/stm32f3xx_hal_rtc.o
                0x00000000080048b4                HAL_RTC_Init
 .text.HAL_RTC_SetTime
                0x00000000080049d6      0x17a Drivers/STM32F3xx_HAL_Driver/Src/stm32f3xx_hal_rtc.o
                0x00000000080049d6                HAL_RTC_SetTime
 .text.HAL_RTC_GetTime
                0x0000000008004b50       0xbc Drivers/STM32F3xx_HAL_Driver/Src/stm32f3xx_hal_rtc.o
                0x0000000008004b50                HAL_RTC_GetTime
 .text.HAL_RTC_SetDate
                0x0000000008004c0c      0x14e Drivers/STM32F3xx_HAL_Driver/Src/stm32f3xx_hal_rtc.o
                0x0000000008004c0c                HAL_RTC_SetDate
 .text.HAL_RTC_GetDate
                0x0000000008004d5a       0x9e Drivers/STM32F3xx_HAL_Driver/Src/stm32f3xx_hal_rtc.o
                0x0000000008004d5a                HAL_RTC_GetDate
 .text.HAL_RTC_SetAlarm_IT
                0x0000000008004df8      0x270 Drivers/STM32F3xx_HAL_Driver/Src/stm32f3xx_hal_rtc.o
                0x0000000008004df8                HAL_RTC_SetAlarm_IT
 .text.HAL_RTC_GetAlarm
                0x0000000008005068      0x11e Drivers/STM32F3xx_HAL_Driver/Src/stm32f3xx_hal_rtc.o
                0x0000000008005068                HAL_RTC_GetAlarm
 .text.HAL_RTC_WaitForSynchro
                0x0000000008005186       0x50 Drivers/STM32F3xx_HAL_Driver/Src/stm32f3xx_hal_rtc.o
                0x0000000008005186                HAL_RTC_WaitForSynchro
 .text.RTC_EnterInitMode
                0x00000000080051d6       0x58 Drivers/STM32F3xx_HAL_Driver/Src/stm32f3xx_hal_rtc.o
                0x00000000080051d6                RTC_EnterInitMode
 .text.RTC_ByteToBcd2
                0x000000000800522e       0x3c Drivers/STM32F3xx_HAL_Driver/Src/stm32f3xx_hal_rtc.o
                0x000000000800522e                RTC_ByteToBcd2
 .text.RTC_Bcd2ToByte
                0x000000000800526a       0x3c Drivers/STM32F3xx_HAL_Driver/Src/stm32f3xx_hal_rtc.o
                0x000000000800526a                RTC_Bcd2ToByte
 .text.HAL_RTCEx_SetWakeUpTimer
                0x00000000080052a6      0x128 Drivers/STM32F3xx_HAL_Driver/Src/stm32f3xx_hal_rtc_ex.o
                0x00000000080052a6                HAL_RTCEx_SetWakeUpTimer
 .text.HAL_TIM_PWM_Init
                0x00000000080053ce       0x56 Drivers/STM32F3xx_HAL_Driver/Src/stm32f3xx_hal_tim.o
                0x00000000080053ce                HAL_TIM_PWM_Init
 .text.HAL_TIM_PWM_Start
                0x0000000008005424       0xb0 Drivers/STM32F3xx_HAL_Driver/Src/stm32f3xx_hal_tim.o
                0x0000000008005424                HAL_TIM_PWM_Start
 .text.HAL_TIM_PWM_ConfigChannel
                0x00000000080054d4      0x230 Drivers/STM32F3xx_HAL_Driver/Src/stm32f3xx_hal_tim.o
                0x00000000080054d4                HAL_TIM_PWM_ConfigChannel
 .text.TIM_Base_SetConfig
                0x0000000008005704      0x120 Drivers/STM32F3xx_HAL_Driver/Src/stm32f3xx_hal_tim.o
                0x0000000008005704                TIM_Base_SetConfig
 .text.TIM_OC1_SetConfig
                0x0000000008005824      0x120 Drivers/STM32F3xx_HAL_Driver/Src/stm32f3xx_hal_tim.o
 .text.TIM_OC2_SetConfig
                0x0000000008005944      0x114 Drivers/STM32F3xx_HAL_Driver/Src/stm32f3xx_hal_tim.o
                0x0000000008005944                TIM_OC2_SetConfig
 .text.TIM_OC3_SetConfig
                0x0000000008005a58      0x110 Drivers/STM32F3xx_HAL_Driver/Src/stm32f3xx_hal_tim.o
 .text.TIM_OC4_SetConfig
                0x0000000008005b68       0xd4 Drivers/STM32F3xx_HAL_Driver/Src/stm32f3xx_hal_tim.o
 .text.TIM_OC5_SetConfig
                0x0000000008005c3c       0xc8 Drivers/STM32F3xx_HAL_Driver/Src/stm32f3xx_hal_tim.o
 .text.TIM_OC6_SetConfig
                0x0000000008005d04       0xcc Drivers/STM32F3xx_HAL_Driver/Src/stm32f3xx_hal_tim.o
 .text.TIM_CCxChannelCmd
                0x0000000008005dd0       0x4a Drivers/STM32F3xx_HAL_Driver/Src/stm32f3xx_hal_tim.o
                0x0000000008005dd0                TIM_CCxChannelCmd
 *fill*         0x0000000008005e1a        0x2 
 .text.HAL_TIMEx_MasterConfigSynchronization
                0x0000000008005e1c      0x100 Drivers/STM32F3xx_HAL_Driver/Src/stm32f3xx_hal_tim_ex.o
                0x0000000008005e1c                HAL_TIMEx_MasterConfigSynchronization
 .text.HAL_TIMEx_ConfigBreakDeadTime
                0x0000000008005f1c       0xfc Drivers/STM32F3xx_HAL_Driver/Src/stm32f3xx_hal_tim_ex.o
                0x0000000008005f1c                HAL_TIMEx_ConfigBreakDeadTime
 .text.ADC_DMA_degerOkuma
                0x0000000008006018       0x28 Src/ADC_Ap.o
                0x0000000008006018                ADC_DMA_degerOkuma
 .text.pilGoster
                0x0000000008006040       0x38 Src/ADC_Ap.o
                0x0000000008006040                pilGoster
 .text.OLED_WriteCommand
                0x0000000008006078       0x30 Src/OLED.o
 .text.OLED_Init
                0x00000000080060a8       0xd4 Src/OLED.o
                0x00000000080060a8                OLED_Init
 .text.OLED_Fill
                0x000000000800617c       0x30 Src/OLED.o
                0x000000000800617c                OLED_Fill
 .text.OLED_DrawLine
                0x00000000080061ac      0x202 Src/OLED.o
                0x00000000080061ac                OLED_DrawLine
 *fill*         0x00000000080063ae        0x2 
 .text.OLED_UpdateScreen
                0x00000000080063b0       0x60 Src/OLED.o
                0x00000000080063b0                OLED_UpdateScreen
 .text.OLED_DrawPixel
                0x0000000008006410       0xc0 Src/OLED.o
                0x0000000008006410                OLED_DrawPixel
 .text.OLED_WriteChar
                0x00000000080064d0      0x100 Src/OLED.o
                0x00000000080064d0                OLED_WriteChar
 .text.OLED_WriteString
                0x00000000080065d0       0x4c Src/OLED.o
                0x00000000080065d0                OLED_WriteString
 .text.OLED_SetCursor
                0x000000000800661c       0x30 Src/OLED.o
                0x000000000800661c                OLED_SetCursor
 .text.saatAyarla
                0x000000000800664c       0x4c Src/RTC_Ap.o
                0x000000000800664c                saatAyarla
 .text.alarmAyarla
                0x0000000008006698       0x50 Src/RTC_Ap.o
                0x0000000008006698                alarmAyarla
 .text.takvimAyarla
                0x00000000080066e8       0x54 Src/RTC_Ap.o
                0x00000000080066e8                takvimAyarla
 .text.saatiAyarlama
                0x000000000800673c       0x28 Src/RTC_Ap.o
                0x000000000800673c                saatiAyarlama
 .text.saat_alarm_Ayarlama
                0x0000000008006764      0x27c Src/RTC_Ap.o
                0x0000000008006764                saat_alarm_Ayarlama
 .text.alarmAyarlama
                0x00000000080069e0       0x28 Src/RTC_Ap.o
                0x00000000080069e0                alarmAyarlama
 .text.takvimiAyarlama
                0x0000000008006a08      0x3e4 Src/RTC_Ap.o
                0x0000000008006a08                takvimiAyarlama
 .text.KeySaatiAyarlama
                0x0000000008006dec       0x58 Src/RTC_Ap.o
                0x0000000008006dec                KeySaatiAyarlama
 .text.KeyAlarmAyarlama
                0x0000000008006e44       0x5c Src/RTC_Ap.o
                0x0000000008006e44                KeyAlarmAyarlama
 .text.KeyTakvimiAyarlama
                0x0000000008006ea0       0x60 Src/RTC_Ap.o
                0x0000000008006ea0                KeyTakvimiAyarlama
 .text.KeyServoKontrol
                0x0000000008006f00       0x24 Src/RTC_Ap.o
                0x0000000008006f00                KeyServoKontrol
 .text.displaySelect
                0x0000000008006f24      0x110 Src/RTC_Ap.o
                0x0000000008006f24                displaySelect
 .text.menuExit
                0x0000000008007034       0x30 Src/RTC_Ap.o
                0x0000000008007034                menuExit
 .text.kayitSorma
                0x0000000008007064       0x6c Src/RTC_Ap.o
                0x0000000008007064                kayitSorma
 .text.alarmRead
                0x00000000080070d0       0x28 Src/RTC_Ap.o
                0x00000000080070d0                alarmRead
 .text.alarmDurdur
                0x00000000080070f8       0x20 Src/RTC_Ap.o
                0x00000000080070f8                alarmDurdur
 .text.alarmDeneme
                0x0000000008007118       0x28 Src/RTC_Ap.o
                0x0000000008007118                alarmDeneme
 .text.alarmGoster
                0x0000000008007140       0x58 Src/RTC_Ap.o
                0x0000000008007140                alarmGoster
 .text.takvimGoster
                0x0000000008007198       0xe4 Src/RTC_Ap.o
                0x0000000008007198                takvimGoster
 .text.servoKontrol
                0x000000000800727c       0xc4 Src/ServoKontrol.o
                0x000000000800727c                servoKontrol
 .text.button_Read
                0x0000000008007340       0x68 Src/buttonPed.o
                0x0000000008007340                button_Read
 .text.BuildMenu
                0x00000000080073a8       0x5e Src/menu.o
                0x00000000080073a8                BuildMenu
 .text.Next     0x0000000008007406       0x28 Src/menu.o
                0x0000000008007406                Next
 .text.Prev     0x000000000800742e       0x28 Src/menu.o
                0x000000000800742e                Prev
 .text.Up       0x0000000008007456       0x28 Src/menu.o
                0x0000000008007456                Up
 .text.Down     0x000000000800747e       0x38 Src/menu.o
                0x000000000800747e                Down
 *fill*         0x00000000080074b6        0x2 
 .text.Build_Menu
                0x00000000080074b8      0x3b8 Src/menu.o
                0x00000000080074b8                Build_Menu
 .text.Led3_On  0x0000000008007870        0xe Src/menu.o
                0x0000000008007870                Led3_On
 .text.Led3_Off
                0x000000000800787e        0xe Src/menu.o
                0x000000000800787e                Led3_Off
 .text.Led4_On  0x000000000800788c        0xe Src/menu.o
                0x000000000800788c                Led4_On
 .text.Led4_Off
                0x000000000800789a        0xe Src/menu.o
                0x000000000800789a                Led4_Off
 .text.Led5_On  0x00000000080078a8        0xe Src/menu.o
                0x00000000080078a8                Led5_On
 .text.Led5_Off
                0x00000000080078b6        0xe Src/menu.o
                0x00000000080078b6                Led5_Off
 .text.ekranMenu
                0x00000000080078c4      0x124 Src/menu.o
                0x00000000080078c4                ekranMenu
 .text.menuSistemi
                0x00000000080079e8       0xc4 Src/menu.o
                0x00000000080079e8                menuSistemi
 .text.__errno  0x0000000008007aac        0xc c:/st/stm32cubeide_1.0.1/stm32cubeide/plugins/com.st.stm32cube.ide.mcu.externaltools.gnu-tools-for-stm32.7-2018-q2-update.win32_1.0.0.201904181610/tools/bin/../lib/gcc/arm-none-eabi/7.3.1/../../../../arm-none-eabi/lib/thumb/v7e-m/fpv4-sp/hard\libc_nano.a(lib_a-errno.o)
                0x0000000008007aac                __errno
 .text.__libc_init_array
                0x0000000008007ab8       0x48 c:/st/stm32cubeide_1.0.1/stm32cubeide/plugins/com.st.stm32cube.ide.mcu.externaltools.gnu-tools-for-stm32.7-2018-q2-update.win32_1.0.0.201904181610/tools/bin/../lib/gcc/arm-none-eabi/7.3.1/../../../../arm-none-eabi/lib/thumb/v7e-m/fpv4-sp/hard\libc_nano.a(lib_a-init.o)
                0x0000000008007ab8                __libc_init_array
 .text.memset   0x0000000008007b00       0x10 c:/st/stm32cubeide_1.0.1/stm32cubeide/plugins/com.st.stm32cube.ide.mcu.externaltools.gnu-tools-for-stm32.7-2018-q2-update.win32_1.0.0.201904181610/tools/bin/../lib/gcc/arm-none-eabi/7.3.1/../../../../arm-none-eabi/lib/thumb/v7e-m/fpv4-sp/hard\libc_nano.a(lib_a-memset.o)
                0x0000000008007b00                memset
 .text.sprintf  0x0000000008007b10       0x40 c:/st/stm32cubeide_1.0.1/stm32cubeide/plugins/com.st.stm32cube.ide.mcu.externaltools.gnu-tools-for-stm32.7-2018-q2-update.win32_1.0.0.201904181610/tools/bin/../lib/gcc/arm-none-eabi/7.3.1/../../../../arm-none-eabi/lib/thumb/v7e-m/fpv4-sp/hard\libc_nano.a(lib_a-sprintf.o)
                0x0000000008007b10                siprintf
                0x0000000008007b10                sprintf
 .text.strcpy   0x0000000008007b50       0x10 c:/st/stm32cubeide_1.0.1/stm32cubeide/plugins/com.st.stm32cube.ide.mcu.externaltools.gnu-tools-for-stm32.7-2018-q2-update.win32_1.0.0.201904181610/tools/bin/../lib/gcc/arm-none-eabi/7.3.1/../../../../arm-none-eabi/lib/thumb/v7e-m/fpv4-sp/hard\libc_nano.a(lib_a-strcpy.o)
                0x0000000008007b50                strcpy
 .text.__ssputs_r
                0x0000000008007b60       0xb4 c:/st/stm32cubeide_1.0.1/stm32cubeide/plugins/com.st.stm32cube.ide.mcu.externaltools.gnu-tools-for-stm32.7-2018-q2-update.win32_1.0.0.201904181610/tools/bin/../lib/gcc/arm-none-eabi/7.3.1/../../../../arm-none-eabi/lib/thumb/v7e-m/fpv4-sp/hard\libc_nano.a(lib_a-nano-svfprintf.o)
                0x0000000008007b60                __ssputs_r
 .text._svfprintf_r
                0x0000000008007c14      0x1f0 c:/st/stm32cubeide_1.0.1/stm32cubeide/plugins/com.st.stm32cube.ide.mcu.externaltools.gnu-tools-for-stm32.7-2018-q2-update.win32_1.0.0.201904181610/tools/bin/../lib/gcc/arm-none-eabi/7.3.1/../../../../arm-none-eabi/lib/thumb/v7e-m/fpv4-sp/hard\libc_nano.a(lib_a-nano-svfprintf.o)
                0x0000000008007c14                _svfiprintf_r
                0x0000000008007c14                _svfprintf_r
 .text._printf_common
                0x0000000008007e04       0xea c:/st/stm32cubeide_1.0.1/stm32cubeide/plugins/com.st.stm32cube.ide.mcu.externaltools.gnu-tools-for-stm32.7-2018-q2-update.win32_1.0.0.201904181610/tools/bin/../lib/gcc/arm-none-eabi/7.3.1/../../../../arm-none-eabi/lib/thumb/v7e-m/fpv4-sp/hard\libc_nano.a(lib_a-nano-vfprintf_i.o)
                0x0000000008007e04                _printf_common
 *fill*         0x0000000008007eee        0x2 
 .text._printf_i
                0x0000000008007ef0      0x224 c:/st/stm32cubeide_1.0.1/stm32cubeide/plugins/com.st.stm32cube.ide.mcu.externaltools.gnu-tools-for-stm32.7-2018-q2-update.win32_1.0.0.201904181610/tools/bin/../lib/gcc/arm-none-eabi/7.3.1/../../../../arm-none-eabi/lib/thumb/v7e-m/fpv4-sp/hard\libc_nano.a(lib_a-nano-vfprintf_i.o)
                0x0000000008007ef0                _printf_i
 .text.memcpy   0x0000000008008114       0x16 c:/st/stm32cubeide_1.0.1/stm32cubeide/plugins/com.st.stm32cube.ide.mcu.externaltools.gnu-tools-for-stm32.7-2018-q2-update.win32_1.0.0.201904181610/tools/bin/../lib/gcc/arm-none-eabi/7.3.1/../../../../arm-none-eabi/lib/thumb/v7e-m/fpv4-sp/hard\libc_nano.a(lib_a-memcpy-stub.o)
                0x0000000008008114                memcpy
 .text.memmove  0x000000000800812a       0x32 c:/st/stm32cubeide_1.0.1/stm32cubeide/plugins/com.st.stm32cube.ide.mcu.externaltools.gnu-tools-for-stm32.7-2018-q2-update.win32_1.0.0.201904181610/tools/bin/../lib/gcc/arm-none-eabi/7.3.1/../../../../arm-none-eabi/lib/thumb/v7e-m/fpv4-sp/hard\libc_nano.a(lib_a-memmove.o)
                0x000000000800812a                memmove
 .text._free_r  0x000000000800815c       0x9c c:/st/stm32cubeide_1.0.1/stm32cubeide/plugins/com.st.stm32cube.ide.mcu.externaltools.gnu-tools-for-stm32.7-2018-q2-update.win32_1.0.0.201904181610/tools/bin/../lib/gcc/arm-none-eabi/7.3.1/../../../../arm-none-eabi/lib/thumb/v7e-m/fpv4-sp/hard\libc_nano.a(lib_a-nano-freer.o)
                0x000000000800815c                _free_r
 .text._malloc_r
                0x00000000080081f8       0xb4 c:/st/stm32cubeide_1.0.1/stm32cubeide/plugins/com.st.stm32cube.ide.mcu.externaltools.gnu-tools-for-stm32.7-2018-q2-update.win32_1.0.0.201904181610/tools/bin/../lib/gcc/arm-none-eabi/7.3.1/../../../../arm-none-eabi/lib/thumb/v7e-m/fpv4-sp/hard\libc_nano.a(lib_a-nano-mallocr.o)
                0x00000000080081f8                _malloc_r
 .text._realloc_r
                0x00000000080082ac       0x4c c:/st/stm32cubeide_1.0.1/stm32cubeide/plugins/com.st.stm32cube.ide.mcu.externaltools.gnu-tools-for-stm32.7-2018-q2-update.win32_1.0.0.201904181610/tools/bin/../lib/gcc/arm-none-eabi/7.3.1/../../../../arm-none-eabi/lib/thumb/v7e-m/fpv4-sp/hard\libc_nano.a(lib_a-nano-reallocr.o)
                0x00000000080082ac                _realloc_r
 .text._sbrk_r  0x00000000080082f8       0x20 c:/st/stm32cubeide_1.0.1/stm32cubeide/plugins/com.st.stm32cube.ide.mcu.externaltools.gnu-tools-for-stm32.7-2018-q2-update.win32_1.0.0.201904181610/tools/bin/../lib/gcc/arm-none-eabi/7.3.1/../../../../arm-none-eabi/lib/thumb/v7e-m/fpv4-sp/hard\libc_nano.a(lib_a-sbrkr.o)
                0x00000000080082f8                _sbrk_r
 .text.__malloc_lock
                0x0000000008008318        0x2 c:/st/stm32cubeide_1.0.1/stm32cubeide/plugins/com.st.stm32cube.ide.mcu.externaltools.gnu-tools-for-stm32.7-2018-q2-update.win32_1.0.0.201904181610/tools/bin/../lib/gcc/arm-none-eabi/7.3.1/../../../../arm-none-eabi/lib/thumb/v7e-m/fpv4-sp/hard\libc_nano.a(lib_a-mlock.o)
                0x0000000008008318                __malloc_lock
 .text.__malloc_unlock
                0x000000000800831a        0x2 c:/st/stm32cubeide_1.0.1/stm32cubeide/plugins/com.st.stm32cube.ide.mcu.externaltools.gnu-tools-for-stm32.7-2018-q2-update.win32_1.0.0.201904181610/tools/bin/../lib/gcc/arm-none-eabi/7.3.1/../../../../arm-none-eabi/lib/thumb/v7e-m/fpv4-sp/hard\libc_nano.a(lib_a-mlock.o)
                0x000000000800831a                __malloc_unlock
 .text._malloc_usable_size_r
                0x000000000800831c       0x10 c:/st/stm32cubeide_1.0.1/stm32cubeide/plugins/com.st.stm32cube.ide.mcu.externaltools.gnu-tools-for-stm32.7-2018-q2-update.win32_1.0.0.201904181610/tools/bin/../lib/gcc/arm-none-eabi/7.3.1/../../../../arm-none-eabi/lib/thumb/v7e-m/fpv4-sp/hard\libc_nano.a(lib_a-nano-msizer.o)
                0x000000000800831c                _malloc_usable_size_r
 *(.glue_7)
 .glue_7        0x000000000800832c        0x0 linker stubs
 *(.glue_7t)
 .glue_7t       0x000000000800832c        0x0 linker stubs
 *(.eh_frame)
 .eh_frame      0x000000000800832c        0x0 c:/st/stm32cubeide_1.0.1/stm32cubeide/plugins/com.st.stm32cube.ide.mcu.externaltools.gnu-tools-for-stm32.7-2018-q2-update.win32_1.0.0.201904181610/tools/bin/../lib/gcc/arm-none-eabi/7.3.1/thumb/v7e-m/fpv4-sp/hard/crtbegin.o
 *(.init)
 .init          0x000000000800832c        0x4 c:/st/stm32cubeide_1.0.1/stm32cubeide/plugins/com.st.stm32cube.ide.mcu.externaltools.gnu-tools-for-stm32.7-2018-q2-update.win32_1.0.0.201904181610/tools/bin/../lib/gcc/arm-none-eabi/7.3.1/thumb/v7e-m/fpv4-sp/hard/crti.o
                0x000000000800832c                _init
 .init          0x0000000008008330        0x8 c:/st/stm32cubeide_1.0.1/stm32cubeide/plugins/com.st.stm32cube.ide.mcu.externaltools.gnu-tools-for-stm32.7-2018-q2-update.win32_1.0.0.201904181610/tools/bin/../lib/gcc/arm-none-eabi/7.3.1/thumb/v7e-m/fpv4-sp/hard/crtn.o
 *(.fini)
 .fini          0x0000000008008338        0x4 c:/st/stm32cubeide_1.0.1/stm32cubeide/plugins/com.st.stm32cube.ide.mcu.externaltools.gnu-tools-for-stm32.7-2018-q2-update.win32_1.0.0.201904181610/tools/bin/../lib/gcc/arm-none-eabi/7.3.1/thumb/v7e-m/fpv4-sp/hard/crti.o
                0x0000000008008338                _fini
 .fini          0x000000000800833c        0x8 c:/st/stm32cubeide_1.0.1/stm32cubeide/plugins/com.st.stm32cube.ide.mcu.externaltools.gnu-tools-for-stm32.7-2018-q2-update.win32_1.0.0.201904181610/tools/bin/../lib/gcc/arm-none-eabi/7.3.1/thumb/v7e-m/fpv4-sp/hard/crtn.o
                0x0000000008008344                . = ALIGN (0x4)
                0x0000000008008344                _etext = .

.vfp11_veneer   0x0000000008008344        0x0
 .vfp11_veneer  0x0000000008008344        0x0 linker stubs

.v4_bx          0x0000000008008344        0x0
 .v4_bx         0x0000000008008344        0x0 linker stubs

.iplt           0x0000000008008344        0x0
 .iplt          0x0000000008008344        0x0 c:/st/stm32cubeide_1.0.1/stm32cubeide/plugins/com.st.stm32cube.ide.mcu.externaltools.gnu-tools-for-stm32.7-2018-q2-update.win32_1.0.0.201904181610/tools/bin/../lib/gcc/arm-none-eabi/7.3.1/thumb/v7e-m/fpv4-sp/hard/crtbegin.o

.rodata         0x0000000008008344      0xd7c
                0x0000000008008344                . = ALIGN (0x4)
 *(.rodata)
 .rodata        0x0000000008008344        0x4 Core/Src/main.o
 .rodata        0x0000000008008348       0xd6 Src/RTC_Ap.o
 *fill*         0x000000000800841e        0x2 
 .rodata        0x0000000008008420       0x4d Src/ServoKontrol.o
 *(.rodata*)
 *fill*         0x000000000800846d        0x3 
 .rodata.AHBPrescTable
                0x0000000008008470       0x10 Core/Src/system_stm32f3xx.o
                0x0000000008008470                AHBPrescTable
 .rodata.aPLLMULFactorTable
                0x0000000008008480       0x10 Drivers/STM32F3xx_HAL_Driver/Src/stm32f3xx_hal_rcc.o
                0x0000000008008480                aPLLMULFactorTable
 .rodata.aPredivFactorTable
                0x0000000008008490       0x10 Drivers/STM32F3xx_HAL_Driver/Src/stm32f3xx_hal_rcc.o
                0x0000000008008490                aPredivFactorTable
 .rodata.Font7x10
                0x00000000080084a0      0x76c Src/fonts.o
 .rodata.Font11x18
                0x0000000008008c0c      0x3cc Src/fonts.o
 .rodata.Font16x6
                0x0000000008008fd8       0xb4 Src/fonts.o
 .rodata._svfprintf_r.str1.1
                0x000000000800908c       0x11 c:/st/stm32cubeide_1.0.1/stm32cubeide/plugins/com.st.stm32cube.ide.mcu.externaltools.gnu-tools-for-stm32.7-2018-q2-update.win32_1.0.0.201904181610/tools/bin/../lib/gcc/arm-none-eabi/7.3.1/../../../../arm-none-eabi/lib/thumb/v7e-m/fpv4-sp/hard\libc_nano.a(lib_a-nano-svfprintf.o)
 .rodata._printf_i.str1.1
                0x000000000800909d       0x22 c:/st/stm32cubeide_1.0.1/stm32cubeide/plugins/com.st.stm32cube.ide.mcu.externaltools.gnu-tools-for-stm32.7-2018-q2-update.win32_1.0.0.201904181610/tools/bin/../lib/gcc/arm-none-eabi/7.3.1/../../../../arm-none-eabi/lib/thumb/v7e-m/fpv4-sp/hard\libc_nano.a(lib_a-nano-vfprintf_i.o)
                0x00000000080090c0                . = ALIGN (0x4)
 *fill*         0x00000000080090bf        0x1 

.rel.dyn        0x00000000080090c0        0x0
 .rel.iplt      0x00000000080090c0        0x0 c:/st/stm32cubeide_1.0.1/stm32cubeide/plugins/com.st.stm32cube.ide.mcu.externaltools.gnu-tools-for-stm32.7-2018-q2-update.win32_1.0.0.201904181610/tools/bin/../lib/gcc/arm-none-eabi/7.3.1/thumb/v7e-m/fpv4-sp/hard/crtbegin.o

.ARM.extab      0x00000000080090c0        0x0
                0x00000000080090c0                . = ALIGN (0x4)
 *(.ARM.extab* .gnu.linkonce.armextab.*)
                0x00000000080090c0                . = ALIGN (0x4)

.ARM            0x00000000080090c0        0x0
                0x00000000080090c0                . = ALIGN (0x4)
                0x00000000080090c0                __exidx_start = .
 *(.ARM.exidx*)
                0x00000000080090c0                __exidx_end = .
                0x00000000080090c0                . = ALIGN (0x4)

.preinit_array  0x00000000080090c0        0x0
                0x00000000080090c0                . = ALIGN (0x4)
                0x00000000080090c0                PROVIDE (__preinit_array_start = .)
 *(.preinit_array*)
                0x00000000080090c0                PROVIDE (__preinit_array_end = .)
                0x00000000080090c0                . = ALIGN (0x4)

.init_array     0x00000000080090c0        0x4
                0x00000000080090c0                . = ALIGN (0x4)
                0x00000000080090c0                PROVIDE (__init_array_start = .)
 *(SORT_BY_NAME(.init_array.*))
 *(.init_array*)
 .init_array    0x00000000080090c0        0x4 c:/st/stm32cubeide_1.0.1/stm32cubeide/plugins/com.st.stm32cube.ide.mcu.externaltools.gnu-tools-for-stm32.7-2018-q2-update.win32_1.0.0.201904181610/tools/bin/../lib/gcc/arm-none-eabi/7.3.1/thumb/v7e-m/fpv4-sp/hard/crtbegin.o
                0x00000000080090c4                PROVIDE (__init_array_end = .)
                0x00000000080090c4                . = ALIGN (0x4)

.fini_array     0x00000000080090c4        0x4
                0x00000000080090c4                . = ALIGN (0x4)
                [!provide]                        PROVIDE (__fini_array_start = .)
 *(SORT_BY_NAME(.fini_array.*))
 *(.fini_array*)
 .fini_array    0x00000000080090c4        0x4 c:/st/stm32cubeide_1.0.1/stm32cubeide/plugins/com.st.stm32cube.ide.mcu.externaltools.gnu-tools-for-stm32.7-2018-q2-update.win32_1.0.0.201904181610/tools/bin/../lib/gcc/arm-none-eabi/7.3.1/thumb/v7e-m/fpv4-sp/hard/crtbegin.o
                [!provide]                        PROVIDE (__fini_array_end = .)
                0x00000000080090c8                . = ALIGN (0x4)
                0x00000000080090c8                _sidata = LOADADDR (.data)

.data           0x0000000020000000      0x18c load address 0x00000000080090c8
                0x0000000020000000                . = ALIGN (0x4)
                0x0000000020000000                _sdata = .
 *(.data)
 *(.data*)
 .data.SystemCoreClock
                0x0000000020000000        0x4 Core/Src/system_stm32f3xx.o
                0x0000000020000000                SystemCoreClock
 .data.uwTickPrio
                0x0000000020000004        0x4 Drivers/STM32F3xx_HAL_Driver/Src/stm32f3xx_hal.o
                0x0000000020000004                uwTickPrio
 .data.uwTickFreq
                0x0000000020000008        0x1 Drivers/STM32F3xx_HAL_Driver/Src/stm32f3xx_hal.o
                0x0000000020000008                uwTickFreq
 *fill*         0x0000000020000009        0x3 
 .data.Font_7x10
                0x000000002000000c        0x8 Src/fonts.o
                0x000000002000000c                Font_7x10
 .data.Font_11x18
                0x0000000020000014        0x8 Src/fonts.o
                0x0000000020000014                Font_11x18
 .data.Font_16x6
                0x000000002000001c        0x8 Src/fonts.o
                0x000000002000001c                Font_16x6
 .data.anaMenu  0x0000000020000024       0x32 Src/menu.o
                0x0000000020000024                anaMenu
 *fill*         0x0000000020000056        0x2 
 .data.acKapaMenu
                0x0000000020000058       0x32 Src/menu.o
                0x0000000020000058                acKapaMenu
 *fill*         0x000000002000008a        0x2 
 .data.beslemeMenu
                0x000000002000008c       0x32 Src/menu.o
                0x000000002000008c                beslemeMenu
 *fill*         0x00000000200000be        0x2 
 .data.kontrollerMenu
                0x00000000200000c0       0x32 Src/menu.o
                0x00000000200000c0                kontrollerMenu
 *fill*         0x00000000200000f2        0x2 
 .data.menu3Menu
                0x00000000200000f4       0x32 Src/menu.o
                0x00000000200000f4                menu3Menu
 *fill*         0x0000000020000126        0x2 
 .data._impure_ptr
                0x0000000020000128        0x4 c:/st/stm32cubeide_1.0.1/stm32cubeide/plugins/com.st.stm32cube.ide.mcu.externaltools.gnu-tools-for-stm32.7-2018-q2-update.win32_1.0.0.201904181610/tools/bin/../lib/gcc/arm-none-eabi/7.3.1/../../../../arm-none-eabi/lib/thumb/v7e-m/fpv4-sp/hard\libc_nano.a(lib_a-impure.o)
                0x0000000020000128                _impure_ptr
 .data.impure_data
                0x000000002000012c       0x60 c:/st/stm32cubeide_1.0.1/stm32cubeide/plugins/com.st.stm32cube.ide.mcu.externaltools.gnu-tools-for-stm32.7-2018-q2-update.win32_1.0.0.201904181610/tools/bin/../lib/gcc/arm-none-eabi/7.3.1/../../../../arm-none-eabi/lib/thumb/v7e-m/fpv4-sp/hard\libc_nano.a(lib_a-impure.o)
                0x000000002000018c                . = ALIGN (0x4)
                0x000000002000018c                _edata = .

.igot.plt       0x000000002000018c        0x0 load address 0x0000000008009254
 .igot.plt      0x000000002000018c        0x0 c:/st/stm32cubeide_1.0.1/stm32cubeide/plugins/com.st.stm32cube.ide.mcu.externaltools.gnu-tools-for-stm32.7-2018-q2-update.win32_1.0.0.201904181610/tools/bin/../lib/gcc/arm-none-eabi/7.3.1/thumb/v7e-m/fpv4-sp/hard/crtbegin.o
                0x000000002000018c                . = ALIGN (0x4)

.bss            0x000000002000018c      0x8ec load address 0x0000000008009254
                0x000000002000018c                _sbss = .
                0x000000002000018c                __bss_start__ = _sbss
 *(.bss)
 .bss           0x000000002000018c       0x1c c:/st/stm32cubeide_1.0.1/stm32cubeide/plugins/com.st.stm32cube.ide.mcu.externaltools.gnu-tools-for-stm32.7-2018-q2-update.win32_1.0.0.201904181610/tools/bin/../lib/gcc/arm-none-eabi/7.3.1/thumb/v7e-m/fpv4-sp/hard/crtbegin.o
 *(.bss*)
 .bss.HAL_RCC_ADC12_CLK_ENABLED
                0x00000000200001a8        0x4 Core/Src/stm32f3xx_hal_msp.o
 .bss.heap_end.6424
                0x00000000200001ac        0x4 Core/Src/sysmem.o
 .bss.OLED      0x00000000200001b0        0x6 Src/OLED.o
 *fill*         0x00000000200001b6        0x2 
 .bss.OLED_Buffer
                0x00000000200001b8      0x400 Src/OLED.o
 .bss.__malloc_free_list
                0x00000000200005b8        0x4 c:/st/stm32cubeide_1.0.1/stm32cubeide/plugins/com.st.stm32cube.ide.mcu.externaltools.gnu-tools-for-stm32.7-2018-q2-update.win32_1.0.0.201904181610/tools/bin/../lib/gcc/arm-none-eabi/7.3.1/../../../../arm-none-eabi/lib/thumb/v7e-m/fpv4-sp/hard\libc_nano.a(lib_a-nano-mallocr.o)
                0x00000000200005b8                __malloc_free_list
 .bss.__malloc_sbrk_start
                0x00000000200005bc        0x4 c:/st/stm32cubeide_1.0.1/stm32cubeide/plugins/com.st.stm32cube.ide.mcu.externaltools.gnu-tools-for-stm32.7-2018-q2-update.win32_1.0.0.201904181610/tools/bin/../lib/gcc/arm-none-eabi/7.3.1/../../../../arm-none-eabi/lib/thumb/v7e-m/fpv4-sp/hard\libc_nano.a(lib_a-nano-mallocr.o)
                0x00000000200005bc                __malloc_sbrk_start
 *(COMMON)
 COMMON         0x00000000200005c0      0x4b0 Core/Src/main.o
                0x00000000200005c0                menu12M
                0x00000000200005dc                on1M
                0x00000000200005f8                ledlerMenu
                0x000000002000062c                menu13M
                0x0000000020000648                hadc2
                0x0000000020000698                hi2c1
                0x00000000200006e4                htim15
                0x0000000020000724                off3M
                0x0000000020000740                exitM
                0x000000002000075c                saatM
                0x0000000020000778                menu1Menu
                0x00000000200007ac                currentM
                0x00000000200007b0                menu11M
                0x00000000200007cc                ayarlarM
                0x00000000200007e8                on3M
                0x0000000020000804                takvimAryNo
                0x0000000020000805                durumFlash
                0x0000000020000808                htim3
                0x0000000020000848                durum
                0x000000002000084c                hadc1
                0x000000002000089c                deger
                0x00000000200008a4                off2M
                0x00000000200008c0                takvimM
                0x00000000200008dc                led1M
                0x00000000200008f8                ayarlarMenu
                0x000000002000092c                led3M
                0x0000000020000948                hdma_adc1
                0x000000002000098c                SaatAry
                0x0000000020000990                hrtc
                0x00000000200009b0                off1M
                0x00000000200009cc                alarmM
                0x00000000200009e8                takvimAry
                0x00000000200009ec                ayarlaPtr
                0x00000000200009f0                menu1M
                0x0000000020000a0c                ledlerM
                0x0000000020000a28                displayClean
                0x0000000020000a2c                led2M
                0x0000000020000a48                kayitOnayDurum
                0x0000000020000a49                Key
                0x0000000020000a4a                displaySelectKey
                0x0000000020000a4c                menuPtr
                0x0000000020000a50                SaatAryNo
                0x0000000020000a52                servoDeger
                0x0000000020000a54                on2M
 COMMON         0x0000000020000a70        0x4 Drivers/STM32F3xx_HAL_Driver/Src/stm32f3xx_hal.o
                0x0000000020000a70                uwTick
 COMMON         0x0000000020000a74        0x4 c:/st/stm32cubeide_1.0.1/stm32cubeide/plugins/com.st.stm32cube.ide.mcu.externaltools.gnu-tools-for-stm32.7-2018-q2-update.win32_1.0.0.201904181610/tools/bin/../lib/gcc/arm-none-eabi/7.3.1/../../../../arm-none-eabi/lib/thumb/v7e-m/fpv4-sp/hard\libc_nano.a(lib_a-reent.o)
                0x0000000020000a74                errno
                0x0000000020000a78                . = ALIGN (0x4)
                0x0000000020000a78                _ebss = .
                0x0000000020000a78                __bss_end__ = _ebss

._user_heap_stack
                0x0000000020000a78      0x600 load address 0x0000000008009254
                0x0000000020000a78                . = ALIGN (0x8)
                0x0000000020000a78                PROVIDE (end = .)
                [!provide]                        PROVIDE (_end = .)
                0x0000000020000c78                . = (. + _Min_Heap_Size)
 *fill*         0x0000000020000a78      0x200 
                0x0000000020001078                . = (. + _Min_Stack_Size)
 *fill*         0x0000000020000c78      0x400 
                0x0000000020001078                . = ALIGN (0x8)

/DISCARD/
 libc.a(*)
 libm.a(*)
 libgcc.a(*)

.ARM.attributes
                0x0000000000000000       0x30
 *(.ARM.attributes)
 .ARM.attributes
                0x0000000000000000       0x22 c:/st/stm32cubeide_1.0.1/stm32cubeide/plugins/com.st.stm32cube.ide.mcu.externaltools.gnu-tools-for-stm32.7-2018-q2-update.win32_1.0.0.201904181610/tools/bin/../lib/gcc/arm-none-eabi/7.3.1/thumb/v7e-m/fpv4-sp/hard/crti.o
 .ARM.attributes
                0x0000000000000022       0x34 c:/st/stm32cubeide_1.0.1/stm32cubeide/plugins/com.st.stm32cube.ide.mcu.externaltools.gnu-tools-for-stm32.7-2018-q2-update.win32_1.0.0.201904181610/tools/bin/../lib/gcc/arm-none-eabi/7.3.1/thumb/v7e-m/fpv4-sp/hard/crtbegin.o
 .ARM.attributes
                0x0000000000000056       0x39 Core/Src/main.o
 .ARM.attributes
                0x000000000000008f       0x39 Core/Src/stm32f3xx_hal_msp.o
 .ARM.attributes
                0x00000000000000c8       0x39 Core/Src/stm32f3xx_it.o
 .ARM.attributes
                0x0000000000000101       0x39 Core/Src/sysmem.o
 .ARM.attributes
                0x000000000000013a       0x39 Core/Src/system_stm32f3xx.o
 .ARM.attributes
                0x0000000000000173       0x21 Core/Startup/startup_stm32f303cctx.o
 .ARM.attributes
                0x0000000000000194       0x39 Drivers/STM32F3xx_HAL_Driver/Src/stm32f3xx_hal.o
 .ARM.attributes
                0x00000000000001cd       0x39 Drivers/STM32F3xx_HAL_Driver/Src/stm32f3xx_hal_adc.o
 .ARM.attributes
                0x0000000000000206       0x39 Drivers/STM32F3xx_HAL_Driver/Src/stm32f3xx_hal_adc_ex.o
 .ARM.attributes
                0x000000000000023f       0x39 Drivers/STM32F3xx_HAL_Driver/Src/stm32f3xx_hal_cortex.o
 .ARM.attributes
                0x0000000000000278       0x39 Drivers/STM32F3xx_HAL_Driver/Src/stm32f3xx_hal_dma.o
 .ARM.attributes
                0x00000000000002b1       0x39 Drivers/STM32F3xx_HAL_Driver/Src/stm32f3xx_hal_gpio.o
 .ARM.attributes
                0x00000000000002ea       0x39 Drivers/STM32F3xx_HAL_Driver/Src/stm32f3xx_hal_i2c.o
 .ARM.attributes
                0x0000000000000323       0x39 Drivers/STM32F3xx_HAL_Driver/Src/stm32f3xx_hal_i2c_ex.o
 .ARM.attributes
                0x000000000000035c       0x39 Drivers/STM32F3xx_HAL_Driver/Src/stm32f3xx_hal_pwr.o
 .ARM.attributes
                0x0000000000000395       0x39 Drivers/STM32F3xx_HAL_Driver/Src/stm32f3xx_hal_rcc.o
 .ARM.attributes
                0x00000000000003ce       0x39 Drivers/STM32F3xx_HAL_Driver/Src/stm32f3xx_hal_rcc_ex.o
 .ARM.attributes
                0x0000000000000407       0x39 Drivers/STM32F3xx_HAL_Driver/Src/stm32f3xx_hal_rtc.o
 .ARM.attributes
                0x0000000000000440       0x39 Drivers/STM32F3xx_HAL_Driver/Src/stm32f3xx_hal_rtc_ex.o
 .ARM.attributes
                0x0000000000000479       0x39 Drivers/STM32F3xx_HAL_Driver/Src/stm32f3xx_hal_tim.o
 .ARM.attributes
                0x00000000000004b2       0x39 Drivers/STM32F3xx_HAL_Driver/Src/stm32f3xx_hal_tim_ex.o
 .ARM.attributes
                0x00000000000004eb       0x39 Src/ADC_Ap.o
 .ARM.attributes
                0x0000000000000524       0x39 Src/OLED.o
 .ARM.attributes
                0x000000000000055d       0x39 Src/RTC_Ap.o
 .ARM.attributes
                0x0000000000000596       0x39 Src/ServoKontrol.o
 .ARM.attributes
                0x00000000000005cf       0x39 Src/buttonPed.o
 .ARM.attributes
                0x0000000000000608       0x39 Src/fonts.o
 .ARM.attributes
                0x0000000000000641       0x39 Src/menu.o
 .ARM.attributes
                0x000000000000067a       0x34 c:/st/stm32cubeide_1.0.1/stm32cubeide/plugins/com.st.stm32cube.ide.mcu.externaltools.gnu-tools-for-stm32.7-2018-q2-update.win32_1.0.0.201904181610/tools/bin/../lib/gcc/arm-none-eabi/7.3.1/../../../../arm-none-eabi/lib/thumb/v7e-m/fpv4-sp/hard\libc_nano.a(lib_a-errno.o)
 .ARM.attributes
                0x00000000000006ae       0x34 c:/st/stm32cubeide_1.0.1/stm32cubeide/plugins/com.st.stm32cube.ide.mcu.externaltools.gnu-tools-for-stm32.7-2018-q2-update.win32_1.0.0.201904181610/tools/bin/../lib/gcc/arm-none-eabi/7.3.1/../../../../arm-none-eabi/lib/thumb/v7e-m/fpv4-sp/hard\libc_nano.a(lib_a-impure.o)
 .ARM.attributes
                0x00000000000006e2       0x34 c:/st/stm32cubeide_1.0.1/stm32cubeide/plugins/com.st.stm32cube.ide.mcu.externaltools.gnu-tools-for-stm32.7-2018-q2-update.win32_1.0.0.201904181610/tools/bin/../lib/gcc/arm-none-eabi/7.3.1/../../../../arm-none-eabi/lib/thumb/v7e-m/fpv4-sp/hard\libc_nano.a(lib_a-init.o)
 .ARM.attributes
                0x0000000000000716       0x34 c:/st/stm32cubeide_1.0.1/stm32cubeide/plugins/com.st.stm32cube.ide.mcu.externaltools.gnu-tools-for-stm32.7-2018-q2-update.win32_1.0.0.201904181610/tools/bin/../lib/gcc/arm-none-eabi/7.3.1/../../../../arm-none-eabi/lib/thumb/v7e-m/fpv4-sp/hard\libc_nano.a(lib_a-memset.o)
 .ARM.attributes
                0x000000000000074a       0x34 c:/st/stm32cubeide_1.0.1/stm32cubeide/plugins/com.st.stm32cube.ide.mcu.externaltools.gnu-tools-for-stm32.7-2018-q2-update.win32_1.0.0.201904181610/tools/bin/../lib/gcc/arm-none-eabi/7.3.1/../../../../arm-none-eabi/lib/thumb/v7e-m/fpv4-sp/hard\libc_nano.a(lib_a-sprintf.o)
 .ARM.attributes
                0x000000000000077e       0x34 c:/st/stm32cubeide_1.0.1/stm32cubeide/plugins/com.st.stm32cube.ide.mcu.externaltools.gnu-tools-for-stm32.7-2018-q2-update.win32_1.0.0.201904181610/tools/bin/../lib/gcc/arm-none-eabi/7.3.1/../../../../arm-none-eabi/lib/thumb/v7e-m/fpv4-sp/hard\libc_nano.a(lib_a-strcpy.o)
 .ARM.attributes
                0x00000000000007b2       0x34 c:/st/stm32cubeide_1.0.1/stm32cubeide/plugins/com.st.stm32cube.ide.mcu.externaltools.gnu-tools-for-stm32.7-2018-q2-update.win32_1.0.0.201904181610/tools/bin/../lib/gcc/arm-none-eabi/7.3.1/../../../../arm-none-eabi/lib/thumb/v7e-m/fpv4-sp/hard\libc_nano.a(lib_a-nano-svfprintf.o)
 .ARM.attributes
                0x00000000000007e6       0x34 c:/st/stm32cubeide_1.0.1/stm32cubeide/plugins/com.st.stm32cube.ide.mcu.externaltools.gnu-tools-for-stm32.7-2018-q2-update.win32_1.0.0.201904181610/tools/bin/../lib/gcc/arm-none-eabi/7.3.1/../../../../arm-none-eabi/lib/thumb/v7e-m/fpv4-sp/hard\libc_nano.a(lib_a-nano-vfprintf_i.o)
 .ARM.attributes
                0x000000000000081a       0x20 c:/st/stm32cubeide_1.0.1/stm32cubeide/plugins/com.st.stm32cube.ide.mcu.externaltools.gnu-tools-for-stm32.7-2018-q2-update.win32_1.0.0.201904181610/tools/bin/../lib/gcc/arm-none-eabi/7.3.1/../../../../arm-none-eabi/lib/thumb/v7e-m/fpv4-sp/hard\libc_nano.a(lib_a-memchr.o)
 .ARM.attributes
                0x000000000000083a       0x34 c:/st/stm32cubeide_1.0.1/stm32cubeide/plugins/com.st.stm32cube.ide.mcu.externaltools.gnu-tools-for-stm32.7-2018-q2-update.win32_1.0.0.201904181610/tools/bin/../lib/gcc/arm-none-eabi/7.3.1/../../../../arm-none-eabi/lib/thumb/v7e-m/fpv4-sp/hard\libc_nano.a(lib_a-memcpy-stub.o)
 .ARM.attributes
                0x000000000000086e       0x34 c:/st/stm32cubeide_1.0.1/stm32cubeide/plugins/com.st.stm32cube.ide.mcu.externaltools.gnu-tools-for-stm32.7-2018-q2-update.win32_1.0.0.201904181610/tools/bin/../lib/gcc/arm-none-eabi/7.3.1/../../../../arm-none-eabi/lib/thumb/v7e-m/fpv4-sp/hard\libc_nano.a(lib_a-memmove.o)
 .ARM.attributes
                0x00000000000008a2       0x34 c:/st/stm32cubeide_1.0.1/stm32cubeide/plugins/com.st.stm32cube.ide.mcu.externaltools.gnu-tools-for-stm32.7-2018-q2-update.win32_1.0.0.201904181610/tools/bin/../lib/gcc/arm-none-eabi/7.3.1/../../../../arm-none-eabi/lib/thumb/v7e-m/fpv4-sp/hard\libc_nano.a(lib_a-nano-freer.o)
 .ARM.attributes
                0x00000000000008d6       0x34 c:/st/stm32cubeide_1.0.1/stm32cubeide/plugins/com.st.stm32cube.ide.mcu.externaltools.gnu-tools-for-stm32.7-2018-q2-update.win32_1.0.0.201904181610/tools/bin/../lib/gcc/arm-none-eabi/7.3.1/../../../../arm-none-eabi/lib/thumb/v7e-m/fpv4-sp/hard\libc_nano.a(lib_a-nano-mallocr.o)
 .ARM.attributes
                0x000000000000090a       0x34 c:/st/stm32cubeide_1.0.1/stm32cubeide/plugins/com.st.stm32cube.ide.mcu.externaltools.gnu-tools-for-stm32.7-2018-q2-update.win32_1.0.0.201904181610/tools/bin/../lib/gcc/arm-none-eabi/7.3.1/../../../../arm-none-eabi/lib/thumb/v7e-m/fpv4-sp/hard\libc_nano.a(lib_a-nano-reallocr.o)
 .ARM.attributes
                0x000000000000093e       0x34 c:/st/stm32cubeide_1.0.1/stm32cubeide/plugins/com.st.stm32cube.ide.mcu.externaltools.gnu-tools-for-stm32.7-2018-q2-update.win32_1.0.0.201904181610/tools/bin/../lib/gcc/arm-none-eabi/7.3.1/../../../../arm-none-eabi/lib/thumb/v7e-m/fpv4-sp/hard\libc_nano.a(lib_a-sbrkr.o)
 .ARM.attributes
                0x0000000000000972       0x34 c:/st/stm32cubeide_1.0.1/stm32cubeide/plugins/com.st.stm32cube.ide.mcu.externaltools.gnu-tools-for-stm32.7-2018-q2-update.win32_1.0.0.201904181610/tools/bin/../lib/gcc/arm-none-eabi/7.3.1/../../../../arm-none-eabi/lib/thumb/v7e-m/fpv4-sp/hard\libc_nano.a(lib_a-mlock.o)
 .ARM.attributes
                0x00000000000009a6       0x34 c:/st/stm32cubeide_1.0.1/stm32cubeide/plugins/com.st.stm32cube.ide.mcu.externaltools.gnu-tools-for-stm32.7-2018-q2-update.win32_1.0.0.201904181610/tools/bin/../lib/gcc/arm-none-eabi/7.3.1/../../../../arm-none-eabi/lib/thumb/v7e-m/fpv4-sp/hard\libc_nano.a(lib_a-nano-msizer.o)
 .ARM.attributes
                0x00000000000009da       0x34 c:/st/stm32cubeide_1.0.1/stm32cubeide/plugins/com.st.stm32cube.ide.mcu.externaltools.gnu-tools-for-stm32.7-2018-q2-update.win32_1.0.0.201904181610/tools/bin/../lib/gcc/arm-none-eabi/7.3.1/../../../../arm-none-eabi/lib/thumb/v7e-m/fpv4-sp/hard\libc_nano.a(lib_a-reent.o)
 .ARM.attributes
                0x0000000000000a0e       0x22 c:/st/stm32cubeide_1.0.1/stm32cubeide/plugins/com.st.stm32cube.ide.mcu.externaltools.gnu-tools-for-stm32.7-2018-q2-update.win32_1.0.0.201904181610/tools/bin/../lib/gcc/arm-none-eabi/7.3.1/thumb/v7e-m/fpv4-sp/hard/crtn.o
OUTPUT(STM32F303CCT6_PetFeedingUnit.elf elf32-littlearm)

.debug_info     0x0000000000000000    0x1b2ce
 .debug_info    0x0000000000000000     0x26d8 Core/Src/main.o
 .debug_info    0x00000000000026d8     0x149f Core/Src/stm32f3xx_hal_msp.o
 .debug_info    0x0000000000003b77      0x42e Core/Src/stm32f3xx_it.o
 .debug_info    0x0000000000003fa5      0x91c Core/Src/sysmem.o
 .debug_info    0x00000000000048c1      0x45c Core/Src/system_stm32f3xx.o
 .debug_info    0x0000000000004d1d       0x22 Core/Startup/startup_stm32f303cctx.o
 .debug_info    0x0000000000004d3f      0x7e2 Drivers/STM32F3xx_HAL_Driver/Src/stm32f3xx_hal.o
 .debug_info    0x0000000000005521      0xbce Drivers/STM32F3xx_HAL_Driver/Src/stm32f3xx_hal_adc.o
 .debug_info    0x00000000000060ef     0x1571 Drivers/STM32F3xx_HAL_Driver/Src/stm32f3xx_hal_adc_ex.o
 .debug_info    0x0000000000007660      0xd99 Drivers/STM32F3xx_HAL_Driver/Src/stm32f3xx_hal_cortex.o
 .debug_info    0x00000000000083f9      0x7cb Drivers/STM32F3xx_HAL_Driver/Src/stm32f3xx_hal_dma.o
 .debug_info    0x0000000000008bc4      0x6fc Drivers/STM32F3xx_HAL_Driver/Src/stm32f3xx_hal_gpio.o
 .debug_info    0x00000000000092c0     0x1f65 Drivers/STM32F3xx_HAL_Driver/Src/stm32f3xx_hal_i2c.o
 .debug_info    0x000000000000b225      0x8de Drivers/STM32F3xx_HAL_Driver/Src/stm32f3xx_hal_i2c_ex.o
 .debug_info    0x000000000000bb03      0x555 Drivers/STM32F3xx_HAL_Driver/Src/stm32f3xx_hal_pwr.o
 .debug_info    0x000000000000c058     0x180f Drivers/STM32F3xx_HAL_Driver/Src/stm32f3xx_hal_rcc.o
 .debug_info    0x000000000000d867      0x6b7 Drivers/STM32F3xx_HAL_Driver/Src/stm32f3xx_hal_rcc_ex.o
 .debug_info    0x000000000000df1e      0xbf4 Drivers/STM32F3xx_HAL_Driver/Src/stm32f3xx_hal_rtc.o
 .debug_info    0x000000000000eb12      0xf18 Drivers/STM32F3xx_HAL_Driver/Src/stm32f3xx_hal_rtc_ex.o
 .debug_info    0x000000000000fa2a     0x2648 Drivers/STM32F3xx_HAL_Driver/Src/stm32f3xx_hal_tim.o
 .debug_info    0x0000000000012072     0x11d7 Drivers/STM32F3xx_HAL_Driver/Src/stm32f3xx_hal_tim_ex.o
 .debug_info    0x0000000000013249     0x16f3 Src/ADC_Ap.o
 .debug_info    0x000000000001493c     0x15a2 Src/OLED.o
 .debug_info    0x0000000000015ede     0x1b2f Src/RTC_Ap.o
 .debug_info    0x0000000000017a0d     0x15a6 Src/ServoKontrol.o
 .debug_info    0x0000000000018fb3      0xb29 Src/buttonPed.o
 .debug_info    0x0000000000019adc      0x2cb Src/fonts.o
 .debug_info    0x0000000000019da7     0x1527 Src/menu.o

.debug_abbrev   0x0000000000000000     0x35ae
 .debug_abbrev  0x0000000000000000      0x2a0 Core/Src/main.o
 .debug_abbrev  0x00000000000002a0      0x248 Core/Src/stm32f3xx_hal_msp.o
 .debug_abbrev  0x00000000000004e8      0x149 Core/Src/stm32f3xx_it.o
 .debug_abbrev  0x0000000000000631      0x1bb Core/Src/sysmem.o
 .debug_abbrev  0x00000000000007ec      0x12b Core/Src/system_stm32f3xx.o
 .debug_abbrev  0x0000000000000917       0x12 Core/Startup/startup_stm32f303cctx.o
 .debug_abbrev  0x0000000000000929      0x1c7 Drivers/STM32F3xx_HAL_Driver/Src/stm32f3xx_hal.o
 .debug_abbrev  0x0000000000000af0      0x187 Drivers/STM32F3xx_HAL_Driver/Src/stm32f3xx_hal_adc.o
 .debug_abbrev  0x0000000000000c77      0x225 Drivers/STM32F3xx_HAL_Driver/Src/stm32f3xx_hal_adc_ex.o
 .debug_abbrev  0x0000000000000e9c      0x2fa Drivers/STM32F3xx_HAL_Driver/Src/stm32f3xx_hal_cortex.o
 .debug_abbrev  0x0000000000001196      0x1fe Drivers/STM32F3xx_HAL_Driver/Src/stm32f3xx_hal_dma.o
 .debug_abbrev  0x0000000000001394      0x1c0 Drivers/STM32F3xx_HAL_Driver/Src/stm32f3xx_hal_gpio.o
 .debug_abbrev  0x0000000000001554      0x22a Drivers/STM32F3xx_HAL_Driver/Src/stm32f3xx_hal_i2c.o
 .debug_abbrev  0x000000000000177e      0x1b9 Drivers/STM32F3xx_HAL_Driver/Src/stm32f3xx_hal_i2c_ex.o
 .debug_abbrev  0x0000000000001937      0x15f Drivers/STM32F3xx_HAL_Driver/Src/stm32f3xx_hal_pwr.o
 .debug_abbrev  0x0000000000001a96      0x28c Drivers/STM32F3xx_HAL_Driver/Src/stm32f3xx_hal_rcc.o
 .debug_abbrev  0x0000000000001d22      0x219 Drivers/STM32F3xx_HAL_Driver/Src/stm32f3xx_hal_rcc_ex.o
 .debug_abbrev  0x0000000000001f3b      0x1af Drivers/STM32F3xx_HAL_Driver/Src/stm32f3xx_hal_rtc.o
 .debug_abbrev  0x00000000000020ea      0x1e9 Drivers/STM32F3xx_HAL_Driver/Src/stm32f3xx_hal_rtc_ex.o
 .debug_abbrev  0x00000000000022d3      0x230 Drivers/STM32F3xx_HAL_Driver/Src/stm32f3xx_hal_tim.o
 .debug_abbrev  0x0000000000002503      0x21e Drivers/STM32F3xx_HAL_Driver/Src/stm32f3xx_hal_tim_ex.o
 .debug_abbrev  0x0000000000002721      0x1e9 Src/ADC_Ap.o
 .debug_abbrev  0x000000000000290a      0x2bf Src/OLED.o
 .debug_abbrev  0x0000000000002bc9      0x2c6 Src/RTC_Ap.o
 .debug_abbrev  0x0000000000002e8f      0x1d3 Src/ServoKontrol.o
 .debug_abbrev  0x0000000000003062      0x1ed Src/buttonPed.o
 .debug_abbrev  0x000000000000324f       0xf4 Src/fonts.o
 .debug_abbrev  0x0000000000003343      0x26b Src/menu.o

.debug_aranges  0x0000000000000000     0x1438
 .debug_aranges
                0x0000000000000000       0x70 Core/Src/main.o
 .debug_aranges
                0x0000000000000070       0x68 Core/Src/stm32f3xx_hal_msp.o
 .debug_aranges
                0x00000000000000d8       0x68 Core/Src/stm32f3xx_it.o
 .debug_aranges
                0x0000000000000140       0x20 Core/Src/sysmem.o
 .debug_aranges
                0x0000000000000160       0x28 Core/Src/system_stm32f3xx.o
 .debug_aranges
                0x0000000000000188       0x28 Core/Startup/startup_stm32f303cctx.o
 .debug_aranges
                0x00000000000001b0       0xe0 Drivers/STM32F3xx_HAL_Driver/Src/stm32f3xx_hal.o
 .debug_aranges
                0x0000000000000290       0xc8 Drivers/STM32F3xx_HAL_Driver/Src/stm32f3xx_hal_adc.o
 .debug_aranges
                0x0000000000000358      0x168 Drivers/STM32F3xx_HAL_Driver/Src/stm32f3xx_hal_adc_ex.o
 .debug_aranges
                0x00000000000004c0      0x118 Drivers/STM32F3xx_HAL_Driver/Src/stm32f3xx_hal_cortex.o
 .debug_aranges
                0x00000000000005d8       0x88 Drivers/STM32F3xx_HAL_Driver/Src/stm32f3xx_hal_dma.o
 .debug_aranges
                0x0000000000000660       0x58 Drivers/STM32F3xx_HAL_Driver/Src/stm32f3xx_hal_gpio.o
 .debug_aranges
                0x00000000000006b8      0x288 Drivers/STM32F3xx_HAL_Driver/Src/stm32f3xx_hal_i2c.o
 .debug_aranges
                0x0000000000000940       0x48 Drivers/STM32F3xx_HAL_Driver/Src/stm32f3xx_hal_i2c_ex.o
 .debug_aranges
                0x0000000000000988       0x78 Drivers/STM32F3xx_HAL_Driver/Src/stm32f3xx_hal_pwr.o
 .debug_aranges
                0x0000000000000a00       0x88 Drivers/STM32F3xx_HAL_Driver/Src/stm32f3xx_hal_rcc.o
 .debug_aranges
                0x0000000000000a88       0x38 Drivers/STM32F3xx_HAL_Driver/Src/stm32f3xx_hal_rcc_ex.o
 .debug_aranges
                0x0000000000000ac0       0xb8 Drivers/STM32F3xx_HAL_Driver/Src/stm32f3xx_hal_rtc.o
 .debug_aranges
                0x0000000000000b78      0x130 Drivers/STM32F3xx_HAL_Driver/Src/stm32f3xx_hal_rtc_ex.o
 .debug_aranges
                0x0000000000000ca8      0x3c8 Drivers/STM32F3xx_HAL_Driver/Src/stm32f3xx_hal_tim.o
 .debug_aranges
                0x0000000000001070      0x160 Drivers/STM32F3xx_HAL_Driver/Src/stm32f3xx_hal_tim_ex.o
 .debug_aranges
                0x00000000000011d0       0x30 Src/ADC_Ap.o
 .debug_aranges
                0x0000000000001200       0x98 Src/OLED.o
 .debug_aranges
                0x0000000000001298       0xb8 Src/RTC_Ap.o
 .debug_aranges
                0x0000000000001350       0x20 Src/ServoKontrol.o
 .debug_aranges
                0x0000000000001370       0x28 Src/buttonPed.o
 .debug_aranges
                0x0000000000001398       0x18 Src/fonts.o
 .debug_aranges
                0x00000000000013b0       0x88 Src/menu.o

.debug_ranges   0x0000000000000000     0x1278
 .debug_ranges  0x0000000000000000       0x60 Core/Src/main.o
 .debug_ranges  0x0000000000000060       0x58 Core/Src/stm32f3xx_hal_msp.o
 .debug_ranges  0x00000000000000b8       0x58 Core/Src/stm32f3xx_it.o
 .debug_ranges  0x0000000000000110       0x10 Core/Src/sysmem.o
 .debug_ranges  0x0000000000000120       0x18 Core/Src/system_stm32f3xx.o
 .debug_ranges  0x0000000000000138       0x20 Core/Startup/startup_stm32f303cctx.o
 .debug_ranges  0x0000000000000158       0xd0 Drivers/STM32F3xx_HAL_Driver/Src/stm32f3xx_hal.o
 .debug_ranges  0x0000000000000228       0xb8 Drivers/STM32F3xx_HAL_Driver/Src/stm32f3xx_hal_adc.o
 .debug_ranges  0x00000000000002e0      0x158 Drivers/STM32F3xx_HAL_Driver/Src/stm32f3xx_hal_adc_ex.o
 .debug_ranges  0x0000000000000438      0x108 Drivers/STM32F3xx_HAL_Driver/Src/stm32f3xx_hal_cortex.o
 .debug_ranges  0x0000000000000540       0x78 Drivers/STM32F3xx_HAL_Driver/Src/stm32f3xx_hal_dma.o
 .debug_ranges  0x00000000000005b8       0x48 Drivers/STM32F3xx_HAL_Driver/Src/stm32f3xx_hal_gpio.o
 .debug_ranges  0x0000000000000600      0x278 Drivers/STM32F3xx_HAL_Driver/Src/stm32f3xx_hal_i2c.o
 .debug_ranges  0x0000000000000878       0x38 Drivers/STM32F3xx_HAL_Driver/Src/stm32f3xx_hal_i2c_ex.o
 .debug_ranges  0x00000000000008b0       0x68 Drivers/STM32F3xx_HAL_Driver/Src/stm32f3xx_hal_pwr.o
 .debug_ranges  0x0000000000000918       0x78 Drivers/STM32F3xx_HAL_Driver/Src/stm32f3xx_hal_rcc.o
 .debug_ranges  0x0000000000000990       0x28 Drivers/STM32F3xx_HAL_Driver/Src/stm32f3xx_hal_rcc_ex.o
 .debug_ranges  0x00000000000009b8       0xa8 Drivers/STM32F3xx_HAL_Driver/Src/stm32f3xx_hal_rtc.o
 .debug_ranges  0x0000000000000a60      0x120 Drivers/STM32F3xx_HAL_Driver/Src/stm32f3xx_hal_rtc_ex.o
 .debug_ranges  0x0000000000000b80      0x3b8 Drivers/STM32F3xx_HAL_Driver/Src/stm32f3xx_hal_tim.o
 .debug_ranges  0x0000000000000f38      0x150 Drivers/STM32F3xx_HAL_Driver/Src/stm32f3xx_hal_tim_ex.o
 .debug_ranges  0x0000000000001088       0x20 Src/ADC_Ap.o
 .debug_ranges  0x00000000000010a8       0x88 Src/OLED.o
 .debug_ranges  0x0000000000001130       0xa8 Src/RTC_Ap.o
 .debug_ranges  0x00000000000011d8       0x10 Src/ServoKontrol.o
 .debug_ranges  0x00000000000011e8       0x18 Src/buttonPed.o
 .debug_ranges  0x0000000000001200       0x78 Src/menu.o

.debug_macro    0x0000000000000000    0x1e1a0
 .debug_macro   0x0000000000000000      0x3f5 Core/Src/main.o
 .debug_macro   0x00000000000003f5      0xa5a Core/Src/main.o
 .debug_macro   0x0000000000000e4f      0x15d Core/Src/main.o
 .debug_macro   0x0000000000000fac       0x2e Core/Src/main.o
 .debug_macro   0x0000000000000fda       0x28 Core/Src/main.o
 .debug_macro   0x0000000000001002       0x22 Core/Src/main.o
 .debug_macro   0x0000000000001024       0x8e Core/Src/main.o
 .debug_macro   0x00000000000010b2       0x51 Core/Src/main.o
 .debug_macro   0x0000000000001103       0xef Core/Src/main.o
 .debug_macro   0x00000000000011f2       0x6a Core/Src/main.o
 .debug_macro   0x000000000000125c      0x1df Core/Src/main.o
 .debug_macro   0x000000000000143b       0x1c Core/Src/main.o
 .debug_macro   0x0000000000001457       0x22 Core/Src/main.o
 .debug_macro   0x0000000000001479       0xdf Core/Src/main.o
 .debug_macro   0x0000000000001558     0x102d Core/Src/main.o
 .debug_macro   0x0000000000002585      0x11f Core/Src/main.o
 .debug_macro   0x00000000000026a4    0x12a33 Core/Src/main.o
 .debug_macro   0x00000000000150d7       0x43 Core/Src/main.o
 .debug_macro   0x000000000001511a      0x174 Core/Src/main.o
 .debug_macro   0x000000000001528e       0x53 Core/Src/main.o
 .debug_macro   0x00000000000152e1      0x962 Core/Src/main.o
 .debug_macro   0x0000000000015c43      0x5fe Core/Src/main.o
 .debug_macro   0x0000000000016241      0x12f Core/Src/main.o
 .debug_macro   0x0000000000016370      0x1fb Core/Src/main.o
 .debug_macro   0x000000000001656b      0x1dc Core/Src/main.o
 .debug_macro   0x0000000000016747      0x1bc Core/Src/main.o
 .debug_macro   0x0000000000016903       0x30 Core/Src/main.o
 .debug_macro   0x0000000000016933       0x3c Core/Src/main.o
 .debug_macro   0x000000000001696f      0x236 Core/Src/main.o
 .debug_macro   0x0000000000016ba5      0x9b1 Core/Src/main.o
 .debug_macro   0x0000000000017556       0x77 Core/Src/main.o
 .debug_macro   0x00000000000175cd       0xc5 Core/Src/main.o
 .debug_macro   0x0000000000017692      0x21d Core/Src/main.o
 .debug_macro   0x00000000000178af      0x22c Core/Src/main.o
 .debug_macro   0x0000000000017adb       0x58 Core/Src/main.o
 .debug_macro   0x0000000000017b33       0xa5 Core/Src/main.o
 .debug_macro   0x0000000000017bd8       0x81 Core/Src/main.o
 .debug_macro   0x0000000000017c59       0xd3 Core/Src/main.o
 .debug_macro   0x0000000000017d2c      0x30c Core/Src/main.o
 .debug_macro   0x0000000000018038      0x3df Core/Src/main.o
 .debug_macro   0x0000000000018417       0xeb Core/Src/main.o
 .debug_macro   0x0000000000018502      0x9e9 Core/Src/main.o
 .debug_macro   0x0000000000018eeb       0x89 Core/Src/main.o
 .debug_macro   0x0000000000018f74      0x275 Core/Src/main.o
 .debug_macro   0x00000000000191e9       0x64 Core/Src/main.o
 .debug_macro   0x000000000001924d       0xee Core/Src/main.o
 .debug_macro   0x000000000001933b       0x46 Core/Src/main.o
 .debug_macro   0x0000000000019381       0x18 Core/Src/main.o
 .debug_macro   0x0000000000019399       0x3c Core/Src/main.o
 .debug_macro   0x00000000000193d5       0x34 Core/Src/main.o
 .debug_macro   0x0000000000019409       0x52 Core/Src/main.o
 .debug_macro   0x000000000001945b       0x1f Core/Src/main.o
 .debug_macro   0x000000000001947a       0x43 Core/Src/main.o
 .debug_macro   0x00000000000194bd       0x20 Core/Src/main.o
 .debug_macro   0x00000000000194dd      0x1a3 Core/Src/main.o
 .debug_macro   0x0000000000019680      0x32a Core/Src/main.o
 .debug_macro   0x00000000000199aa       0x10 Core/Src/main.o
 .debug_macro   0x00000000000199ba       0x35 Core/Src/main.o
 .debug_macro   0x00000000000199ef       0x20 Core/Src/main.o
 .debug_macro   0x0000000000019a0f       0x22 Core/Src/main.o
 .debug_macro   0x0000000000019a31       0x1c Core/Src/main.o
 .debug_macro   0x0000000000019a4d       0x10 Core/Src/main.o
 .debug_macro   0x0000000000019a5d       0x10 Core/Src/main.o
 .debug_macro   0x0000000000019a6d       0x1c Core/Src/main.o
 .debug_macro   0x0000000000019a89       0x52 Core/Src/main.o
 .debug_macro   0x0000000000019adb       0x40 Core/Src/main.o
 .debug_macro   0x0000000000019b1b       0x10 Core/Src/main.o
 .debug_macro   0x0000000000019b2b       0x40 Core/Src/main.o
 .debug_macro   0x0000000000019b6b       0xd7 Core/Src/main.o
 .debug_macro   0x0000000000019c42       0x1c Core/Src/main.o
 .debug_macro   0x0000000000019c5e       0x3d Core/Src/main.o
 .debug_macro   0x0000000000019c9b       0x16 Core/Src/main.o
 .debug_macro   0x0000000000019cb1      0x145 Core/Src/main.o
 .debug_macro   0x0000000000019df6       0x58 Core/Src/main.o
 .debug_macro   0x0000000000019e4e       0x1c Core/Src/main.o
 .debug_macro   0x0000000000019e6a      0x1fb Core/Src/stm32f3xx_hal_msp.o
 .debug_macro   0x000000000001a065      0x205 Core/Src/stm32f3xx_it.o
 .debug_macro   0x000000000001a26a      0x1ae Core/Src/sysmem.o
 .debug_macro   0x000000000001a418      0x23b Core/Src/sysmem.o
 .debug_macro   0x000000000001a653       0x16 Core/Src/sysmem.o
 .debug_macro   0x000000000001a669      0x1f2 Core/Src/system_stm32f3xx.o
 .debug_macro   0x000000000001a85b      0x210 Drivers/STM32F3xx_HAL_Driver/Src/stm32f3xx_hal.o
 .debug_macro   0x000000000001aa6b      0x1ed Drivers/STM32F3xx_HAL_Driver/Src/stm32f3xx_hal_adc.o
 .debug_macro   0x000000000001ac58      0x216 Drivers/STM32F3xx_HAL_Driver/Src/stm32f3xx_hal_adc_ex.o
 .debug_macro   0x000000000001ae6e      0x1ec Drivers/STM32F3xx_HAL_Driver/Src/stm32f3xx_hal_cortex.o
 .debug_macro   0x000000000001b05a      0x1ec Drivers/STM32F3xx_HAL_Driver/Src/stm32f3xx_hal_dma.o
 .debug_macro   0x000000000001b246      0x224 Drivers/STM32F3xx_HAL_Driver/Src/stm32f3xx_hal_gpio.o
 .debug_macro   0x000000000001b46a      0x2b1 Drivers/STM32F3xx_HAL_Driver/Src/stm32f3xx_hal_i2c.o
 .debug_macro   0x000000000001b71b      0x1ec Drivers/STM32F3xx_HAL_Driver/Src/stm32f3xx_hal_i2c_ex.o
 .debug_macro   0x000000000001b907      0x1ec Drivers/STM32F3xx_HAL_Driver/Src/stm32f3xx_hal_pwr.o
 .debug_macro   0x000000000001baf3      0x210 Drivers/STM32F3xx_HAL_Driver/Src/stm32f3xx_hal_rcc.o
 .debug_macro   0x000000000001bd03      0x1ec Drivers/STM32F3xx_HAL_Driver/Src/stm32f3xx_hal_rcc_ex.o
 .debug_macro   0x000000000001beef      0x1ed Drivers/STM32F3xx_HAL_Driver/Src/stm32f3xx_hal_rtc.o
 .debug_macro   0x000000000001c0dc      0x1ec Drivers/STM32F3xx_HAL_Driver/Src/stm32f3xx_hal_rtc_ex.o
 .debug_macro   0x000000000001c2c8      0x1ed Drivers/STM32F3xx_HAL_Driver/Src/stm32f3xx_hal_tim.o
 .debug_macro   0x000000000001c4b5      0x1ec Drivers/STM32F3xx_HAL_Driver/Src/stm32f3xx_hal_tim_ex.o
 .debug_macro   0x000000000001c6a1      0x3ef Src/ADC_Ap.o
 .debug_macro   0x000000000001ca90       0x6a Src/ADC_Ap.o
 .debug_macro   0x000000000001cafa      0x2cc Src/OLED.o
 .debug_macro   0x000000000001cdc6      0x3ef Src/RTC_Ap.o
 .debug_macro   0x000000000001d1b5      0x3ef Src/ServoKontrol.o
 .debug_macro   0x000000000001d5a4      0x35d Src/buttonPed.o
 .debug_macro   0x000000000001d901       0x97 Src/buttonPed.o
 .debug_macro   0x000000000001d998       0xfd Src/buttonPed.o
 .debug_macro   0x000000000001da95       0xd9 Src/buttonPed.o
 .debug_macro   0x000000000001db6e       0x4d Src/buttonPed.o
 .debug_macro   0x000000000001dbbb      0x1f6 Src/fonts.o
 .debug_macro   0x000000000001ddb1      0x3ef Src/menu.o

.debug_line     0x0000000000000000    0x1367c
 .debug_line    0x0000000000000000      0xb50 Core/Src/main.o
 .debug_line    0x0000000000000b50      0x804 Core/Src/stm32f3xx_hal_msp.o
 .debug_line    0x0000000000001354      0x790 Core/Src/stm32f3xx_it.o
 .debug_line    0x0000000000001ae4      0x55e Core/Src/sysmem.o
 .debug_line    0x0000000000002042      0x6f8 Core/Src/system_stm32f3xx.o
 .debug_line    0x000000000000273a       0x85 Core/Startup/startup_stm32f303cctx.o
 .debug_line    0x00000000000027bf      0x8b5 Drivers/STM32F3xx_HAL_Driver/Src/stm32f3xx_hal.o
 .debug_line    0x0000000000003074      0x864 Drivers/STM32F3xx_HAL_Driver/Src/stm32f3xx_hal_adc.o
 .debug_line    0x00000000000038d8     0x19b3 Drivers/STM32F3xx_HAL_Driver/Src/stm32f3xx_hal_adc_ex.o
 .debug_line    0x000000000000528b      0x9ea Drivers/STM32F3xx_HAL_Driver/Src/stm32f3xx_hal_cortex.o
 .debug_line    0x0000000000005c75      0x8f4 Drivers/STM32F3xx_HAL_Driver/Src/stm32f3xx_hal_dma.o
 .debug_line    0x0000000000006569      0x86a Drivers/STM32F3xx_HAL_Driver/Src/stm32f3xx_hal_gpio.o
 .debug_line    0x0000000000006dd3     0x1a4f Drivers/STM32F3xx_HAL_Driver/Src/stm32f3xx_hal_i2c.o
 .debug_line    0x0000000000008822      0x81e Drivers/STM32F3xx_HAL_Driver/Src/stm32f3xx_hal_i2c_ex.o
 .debug_line    0x0000000000009040      0x7c3 Drivers/STM32F3xx_HAL_Driver/Src/stm32f3xx_hal_pwr.o
 .debug_line    0x0000000000009803      0xe2d Drivers/STM32F3xx_HAL_Driver/Src/stm32f3xx_hal_rcc.o
 .debug_line    0x000000000000a630      0x9a6 Drivers/STM32F3xx_HAL_Driver/Src/stm32f3xx_hal_rcc_ex.o
 .debug_line    0x000000000000afd6      0xa79 Drivers/STM32F3xx_HAL_Driver/Src/stm32f3xx_hal_rtc.o
 .debug_line    0x000000000000ba4f      0xd62 Drivers/STM32F3xx_HAL_Driver/Src/stm32f3xx_hal_rtc_ex.o
 .debug_line    0x000000000000c7b1     0x1b81 Drivers/STM32F3xx_HAL_Driver/Src/stm32f3xx_hal_tim.o
 .debug_line    0x000000000000e332      0xd7b Drivers/STM32F3xx_HAL_Driver/Src/stm32f3xx_hal_tim_ex.o
 .debug_line    0x000000000000f0ad      0x9bd Src/ADC_Ap.o
 .debug_line    0x000000000000fa6a      0xb8c Src/OLED.o
 .debug_line    0x00000000000105f6      0xc1a Src/RTC_Ap.o
 .debug_line    0x0000000000011210      0x9a4 Src/ServoKontrol.o
 .debug_line    0x0000000000011bb4      0x90d Src/buttonPed.o
 .debug_line    0x00000000000124c1      0x6f5 Src/fonts.o
 .debug_line    0x0000000000012bb6      0xac6 Src/menu.o

.debug_str      0x0000000000000000    0xa9060
 .debug_str     0x0000000000000000    0xa403d Core/Src/main.o
                                      0xa48f2 (size before relaxing)
 .debug_str     0x00000000000a403d      0x109 Core/Src/stm32f3xx_hal_msp.o
                                      0x9f664 (size before relaxing)
 .debug_str     0x00000000000a4146       0xd6 Core/Src/stm32f3xx_it.o
                                      0x9ec5c (size before relaxing)
 .debug_str     0x00000000000a421c      0x4d1 Core/Src/sysmem.o
                                       0x7af4 (size before relaxing)
 .debug_str     0x00000000000a46ed       0xc7 Core/Src/system_stm32f3xx.o
                                      0x9e956 (size before relaxing)
 .debug_str     0x00000000000a47b4       0x36 Core/Startup/startup_stm32f303cctx.o
                                         0x76 (size before relaxing)
 .debug_str     0x00000000000a47ea      0x3c7 Drivers/STM32F3xx_HAL_Driver/Src/stm32f3xx_hal.o
                                      0x9f0de (size before relaxing)
 .debug_str     0x00000000000a4bb1      0x22a Drivers/STM32F3xx_HAL_Driver/Src/stm32f3xx_hal_adc.o
                                      0x9ef6d (size before relaxing)
 .debug_str     0x00000000000a4ddb      0x6ba Drivers/STM32F3xx_HAL_Driver/Src/stm32f3xx_hal_adc_ex.o
                                      0x9f59a (size before relaxing)
 .debug_str     0x00000000000a5495      0x3a3 Drivers/STM32F3xx_HAL_Driver/Src/stm32f3xx_hal_cortex.o
                                      0x9f1ec (size before relaxing)
 .debug_str     0x00000000000a5838      0x257 Drivers/STM32F3xx_HAL_Driver/Src/stm32f3xx_hal_dma.o
                                      0x9ecbc (size before relaxing)
 .debug_str     0x00000000000a5a8f      0x224 Drivers/STM32F3xx_HAL_Driver/Src/stm32f3xx_hal_gpio.o
                                      0x9eba8 (size before relaxing)
 .debug_str     0x00000000000a5cb3      0xde6 Drivers/STM32F3xx_HAL_Driver/Src/stm32f3xx_hal_i2c.o
                                      0x9fb43 (size before relaxing)
 .debug_str     0x00000000000a6a99       0xf3 Drivers/STM32F3xx_HAL_Driver/Src/stm32f3xx_hal_i2c_ex.o
                                      0x9ee79 (size before relaxing)
 .debug_str     0x00000000000a6b8c      0x18d Drivers/STM32F3xx_HAL_Driver/Src/stm32f3xx_hal_pwr.o
                                      0x9ea77 (size before relaxing)
 .debug_str     0x00000000000a6d19      0x2e6 Drivers/STM32F3xx_HAL_Driver/Src/stm32f3xx_hal_rcc.o
                                      0x9edb0 (size before relaxing)
 .debug_str     0x00000000000a6fff       0xd8 Drivers/STM32F3xx_HAL_Driver/Src/stm32f3xx_hal_rcc_ex.o
                                      0x9eb74 (size before relaxing)
 .debug_str     0x00000000000a70d7      0x210 Drivers/STM32F3xx_HAL_Driver/Src/stm32f3xx_hal_rtc.o
                                      0x9edb1 (size before relaxing)
 .debug_str     0x00000000000a72e7      0x55c Drivers/STM32F3xx_HAL_Driver/Src/stm32f3xx_hal_rtc_ex.o
                                      0x9f0de (size before relaxing)
 .debug_str     0x00000000000a7843      0xdbf Drivers/STM32F3xx_HAL_Driver/Src/stm32f3xx_hal_tim.o
                                      0x9fb43 (size before relaxing)
 .debug_str     0x00000000000a8602      0x4d5 Drivers/STM32F3xx_HAL_Driver/Src/stm32f3xx_hal_tim_ex.o
                                      0x9f34a (size before relaxing)
 .debug_str     0x00000000000a8ad7       0x73 Src/ADC_Ap.o
                                      0xa3ac1 (size before relaxing)
 .debug_str     0x00000000000a8b4a      0x1e9 Src/OLED.o
                                      0xa2316 (size before relaxing)
 .debug_str     0x00000000000a8d33      0x195 Src/RTC_Ap.o
                                      0xa3c5c (size before relaxing)
 .debug_str     0x00000000000a8ec8       0x23 Src/ServoKontrol.o
                                      0xa3a28 (size before relaxing)
 .debug_str     0x00000000000a8eeb       0x56 Src/buttonPed.o
                                      0xa2c8e (size before relaxing)
 .debug_str     0x00000000000a8f41       0x3f Src/fonts.o
                                      0x9e8d8 (size before relaxing)
 .debug_str     0x00000000000a8f80       0xe0 Src/menu.o
                                      0xa38b7 (size before relaxing)

.comment        0x0000000000000000       0x7b
 .comment       0x0000000000000000       0x7b Core/Src/main.o
                                         0x7c (size before relaxing)
 .comment       0x000000000000007b       0x7c Core/Src/stm32f3xx_hal_msp.o
 .comment       0x000000000000007b       0x7c Core/Src/stm32f3xx_it.o
 .comment       0x000000000000007b       0x7c Core/Src/sysmem.o
 .comment       0x000000000000007b       0x7c Core/Src/system_stm32f3xx.o
 .comment       0x000000000000007b       0x7c Drivers/STM32F3xx_HAL_Driver/Src/stm32f3xx_hal.o
 .comment       0x000000000000007b       0x7c Drivers/STM32F3xx_HAL_Driver/Src/stm32f3xx_hal_adc.o
 .comment       0x000000000000007b       0x7c Drivers/STM32F3xx_HAL_Driver/Src/stm32f3xx_hal_adc_ex.o
 .comment       0x000000000000007b       0x7c Drivers/STM32F3xx_HAL_Driver/Src/stm32f3xx_hal_cortex.o
 .comment       0x000000000000007b       0x7c Drivers/STM32F3xx_HAL_Driver/Src/stm32f3xx_hal_dma.o
 .comment       0x000000000000007b       0x7c Drivers/STM32F3xx_HAL_Driver/Src/stm32f3xx_hal_gpio.o
 .comment       0x000000000000007b       0x7c Drivers/STM32F3xx_HAL_Driver/Src/stm32f3xx_hal_i2c.o
 .comment       0x000000000000007b       0x7c Drivers/STM32F3xx_HAL_Driver/Src/stm32f3xx_hal_i2c_ex.o
 .comment       0x000000000000007b       0x7c Drivers/STM32F3xx_HAL_Driver/Src/stm32f3xx_hal_pwr.o
 .comment       0x000000000000007b       0x7c Drivers/STM32F3xx_HAL_Driver/Src/stm32f3xx_hal_rcc.o
 .comment       0x000000000000007b       0x7c Drivers/STM32F3xx_HAL_Driver/Src/stm32f3xx_hal_rcc_ex.o
 .comment       0x000000000000007b       0x7c Drivers/STM32F3xx_HAL_Driver/Src/stm32f3xx_hal_rtc.o
 .comment       0x000000000000007b       0x7c Drivers/STM32F3xx_HAL_Driver/Src/stm32f3xx_hal_rtc_ex.o
 .comment       0x000000000000007b       0x7c Drivers/STM32F3xx_HAL_Driver/Src/stm32f3xx_hal_tim.o
 .comment       0x000000000000007b       0x7c Drivers/STM32F3xx_HAL_Driver/Src/stm32f3xx_hal_tim_ex.o